../Middlewares/ST/usbx/common/usbx_stm32_device_controllers/ux_dcd_stm32_callback.c:231:6:HAL_PCD_SetupStageCallback	32	static
../Middlewares/ST/usbx/common/usbx_stm32_device_controllers/ux_dcd_stm32_callback.c:390:6:HAL_PCD_DataInStageCallback	32	static
../Middlewares/ST/usbx/common/usbx_stm32_device_controllers/ux_dcd_stm32_callback.c:569:6:HAL_PCD_DataOutStageCallback	32	static
../Middlewares/ST/usbx/common/usbx_stm32_device_controllers/ux_dcd_stm32_callback.c:722:6:HAL_PCD_ResetCallback	16	static
../Middlewares/ST/usbx/common/usbx_stm32_device_controllers/ux_dcd_stm32_callback.c:803:6:HAL_PCD_DisconnectCallback	8	static
