Archive member included to satisfy reference by file (symbol)

C:/ST/STM32CubeIDE_1.14.1/STM32CubeIDE/plugins/com.st.stm32cube.ide.mcu.externaltools.gnu-tools-for-stm32.11.3.rel1.win32_1.1.100.202309141235/tools/bin/../lib/gcc/arm-none-eabi/11.3.1/../../../../arm-none-eabi/lib/thumb/v6-m/nofp\libc_nano.a(libc_a-exit.o)
                              C:/ST/STM32CubeIDE_1.14.1/STM32CubeIDE/plugins/com.st.stm32cube.ide.mcu.externaltools.gnu-tools-for-stm32.11.3.rel1.win32_1.1.100.202309141235/tools/bin/../lib/gcc/arm-none-eabi/11.3.1/../../../../arm-none-eabi/lib/thumb/v6-m/nofp/crt0.o (exit)
C:/ST/STM32CubeIDE_1.14.1/STM32CubeIDE/plugins/com.st.stm32cube.ide.mcu.externaltools.gnu-tools-for-stm32.11.3.rel1.win32_1.1.100.202309141235/tools/bin/../lib/gcc/arm-none-eabi/11.3.1/../../../../arm-none-eabi/lib/thumb/v6-m/nofp\libc_nano.a(libc_a-findfp.o)
                              C:/ST/STM32CubeIDE_1.14.1/STM32CubeIDE/plugins/com.st.stm32cube.ide.mcu.externaltools.gnu-tools-for-stm32.11.3.rel1.win32_1.1.100.202309141235/tools/bin/../lib/gcc/arm-none-eabi/11.3.1/../../../../arm-none-eabi/lib/thumb/v6-m/nofp\libc_nano.a(libc_a-exit.o) (__stdio_exit_handler)
C:/ST/STM32CubeIDE_1.14.1/STM32CubeIDE/plugins/com.st.stm32cube.ide.mcu.externaltools.gnu-tools-for-stm32.11.3.rel1.win32_1.1.100.202309141235/tools/bin/../lib/gcc/arm-none-eabi/11.3.1/../../../../arm-none-eabi/lib/thumb/v6-m/nofp\libc_nano.a(libc_a-fwalk.o)
                              C:/ST/STM32CubeIDE_1.14.1/STM32CubeIDE/plugins/com.st.stm32cube.ide.mcu.externaltools.gnu-tools-for-stm32.11.3.rel1.win32_1.1.100.202309141235/tools/bin/../lib/gcc/arm-none-eabi/11.3.1/../../../../arm-none-eabi/lib/thumb/v6-m/nofp\libc_nano.a(libc_a-findfp.o) (_fwalk_sglue)
C:/ST/STM32CubeIDE_1.14.1/STM32CubeIDE/plugins/com.st.stm32cube.ide.mcu.externaltools.gnu-tools-for-stm32.11.3.rel1.win32_1.1.100.202309141235/tools/bin/../lib/gcc/arm-none-eabi/11.3.1/../../../../arm-none-eabi/lib/thumb/v6-m/nofp\libc_nano.a(libc_a-stdio.o)
                              C:/ST/STM32CubeIDE_1.14.1/STM32CubeIDE/plugins/com.st.stm32cube.ide.mcu.externaltools.gnu-tools-for-stm32.11.3.rel1.win32_1.1.100.202309141235/tools/bin/../lib/gcc/arm-none-eabi/11.3.1/../../../../arm-none-eabi/lib/thumb/v6-m/nofp\libc_nano.a(libc_a-findfp.o) (__sread)
C:/ST/STM32CubeIDE_1.14.1/STM32CubeIDE/plugins/com.st.stm32cube.ide.mcu.externaltools.gnu-tools-for-stm32.11.3.rel1.win32_1.1.100.202309141235/tools/bin/../lib/gcc/arm-none-eabi/11.3.1/../../../../arm-none-eabi/lib/thumb/v6-m/nofp\libc_nano.a(libc_a-memset.o)
                              C:/ST/STM32CubeIDE_1.14.1/STM32CubeIDE/plugins/com.st.stm32cube.ide.mcu.externaltools.gnu-tools-for-stm32.11.3.rel1.win32_1.1.100.202309141235/tools/bin/../lib/gcc/arm-none-eabi/11.3.1/../../../../arm-none-eabi/lib/thumb/v6-m/nofp/crt0.o (memset)
C:/ST/STM32CubeIDE_1.14.1/STM32CubeIDE/plugins/com.st.stm32cube.ide.mcu.externaltools.gnu-tools-for-stm32.11.3.rel1.win32_1.1.100.202309141235/tools/bin/../lib/gcc/arm-none-eabi/11.3.1/../../../../arm-none-eabi/lib/thumb/v6-m/nofp\libc_nano.a(libc_a-closer.o)
                              C:/ST/STM32CubeIDE_1.14.1/STM32CubeIDE/plugins/com.st.stm32cube.ide.mcu.externaltools.gnu-tools-for-stm32.11.3.rel1.win32_1.1.100.202309141235/tools/bin/../lib/gcc/arm-none-eabi/11.3.1/../../../../arm-none-eabi/lib/thumb/v6-m/nofp\libc_nano.a(libc_a-stdio.o) (_close_r)
C:/ST/STM32CubeIDE_1.14.1/STM32CubeIDE/plugins/com.st.stm32cube.ide.mcu.externaltools.gnu-tools-for-stm32.11.3.rel1.win32_1.1.100.202309141235/tools/bin/../lib/gcc/arm-none-eabi/11.3.1/../../../../arm-none-eabi/lib/thumb/v6-m/nofp\libc_nano.a(libc_a-reent.o)
                              C:/ST/STM32CubeIDE_1.14.1/STM32CubeIDE/plugins/com.st.stm32cube.ide.mcu.externaltools.gnu-tools-for-stm32.11.3.rel1.win32_1.1.100.202309141235/tools/bin/../lib/gcc/arm-none-eabi/11.3.1/../../../../arm-none-eabi/lib/thumb/v6-m/nofp\libc_nano.a(libc_a-closer.o) (errno)
C:/ST/STM32CubeIDE_1.14.1/STM32CubeIDE/plugins/com.st.stm32cube.ide.mcu.externaltools.gnu-tools-for-stm32.11.3.rel1.win32_1.1.100.202309141235/tools/bin/../lib/gcc/arm-none-eabi/11.3.1/../../../../arm-none-eabi/lib/thumb/v6-m/nofp\libc_nano.a(libc_a-impure.o)
                              C:/ST/STM32CubeIDE_1.14.1/STM32CubeIDE/plugins/com.st.stm32cube.ide.mcu.externaltools.gnu-tools-for-stm32.11.3.rel1.win32_1.1.100.202309141235/tools/bin/../lib/gcc/arm-none-eabi/11.3.1/../../../../arm-none-eabi/lib/thumb/v6-m/nofp\libc_nano.a(libc_a-reent.o) (_impure_ptr)
C:/ST/STM32CubeIDE_1.14.1/STM32CubeIDE/plugins/com.st.stm32cube.ide.mcu.externaltools.gnu-tools-for-stm32.11.3.rel1.win32_1.1.100.202309141235/tools/bin/../lib/gcc/arm-none-eabi/11.3.1/../../../../arm-none-eabi/lib/thumb/v6-m/nofp\libc_nano.a(libc_a-lseekr.o)
[...]
Memory Configuration

Name             Origin             Length             Attributes
RAM              0x0000000020000000 0x0000000000024000 xrw
FLASH            0x0000000008000000 0x0000000000020000 xr
*default*        0x0000000000000000 0xffffffffffffffff

Linker script and memory map

LOAD C:/ST/STM32CubeIDE_1.14.1/STM32CubeIDE/plugins/com.st.stm32cube.ide.mcu.externaltools.gnu-tools-for-stm32.11.3.rel1.win32_1.1.100.202309141235/tools/bin/../lib/gcc/arm-none-eabi/11.3.1/thumb/v6-m/nofp/crti.o
LOAD C:/ST/STM32CubeIDE_1.14.1/STM32CubeIDE/plugins/com.st.stm32cube.ide.mcu.externaltools.gnu-tools-for-stm32.11.3.rel1.win32_1.1.100.202309141235/tools/bin/../lib/gcc/arm-none-eabi/11.3.1/thumb/v6-m/nofp/crtbegin.o
LOAD C:/ST/STM32CubeIDE_1.14.1/STM32CubeIDE/plugins/com.st.stm32cube.ide.mcu.externaltools.gnu-tools-for-stm32.11.3.rel1.win32_1.1.100.202309141235/tools/bin/../lib/gcc/arm-none-eabi/11.3.1/../../../../arm-none-eabi/lib/thumb/v6-m/nofp/crt0.o
LOAD ./AZURE_RTOS/App/app_azure_rtos.o
LOAD ./Core/Src/adc.o
LOAD ./Core/Src/app_threadx.o
LOAD ./Core/Src/dma.o
LOAD ./Core/Src/gpio.o
LOAD ./Core/Src/main.o
LOAD ./Core/Src/main_thread.o
LOAD ./Core/Src/neopixel.o
LOAD ./Core/Src/regulator.o
LOAD ./Core/Src/spi.o
LOAD ./Core/Src/stm32g0xx_hal_msp.o
LOAD ./Core/Src/stm32g0xx_hal_timebase_tim.o
LOAD ./Core/Src/stm32g0xx_it.o
LOAD ./Core/Src/syscalls.o
LOAD ./Core/Src/sysmem.o
LOAD ./Core/Src/system_stm32g0xx.o
LOAD ./Core/Src/tim.o
LOAD ./Core/Src/tx_initialize_low_level.o
LOAD ./Core/Src/usb_drd_fs.o
LOAD ./Core/Startup/startup_stm32g0b1cbtx.o
LOAD ./Drivers/STM32G0xx_HAL_Driver/Src/stm32g0xx_hal.o
LOAD ./Drivers/STM32G0xx_HAL_Driver/Src/stm32g0xx_hal_adc.o
LOAD ./Drivers/STM32G0xx_HAL_Driver/Src/stm32g0xx_hal_adc_ex.o
LOAD ./Drivers/STM32G0xx_HAL_Driver/Src/stm32g0xx_hal_cortex.o
LOAD ./Drivers/STM32G0xx_HAL_Driver/Src/stm32g0xx_hal_dma.o
LOAD ./Drivers/STM32G0xx_HAL_Driver/Src/stm32g0xx_hal_dma_ex.o
LOAD ./Drivers/STM32G0xx_HAL_Driver/Src/stm32g0xx_hal_exti.o
LOAD ./Drivers/STM32G0xx_HAL_Driver/Src/stm32g0xx_hal_flash.o
LOAD ./Drivers/STM32G0xx_HAL_Driver/Src/stm32g0xx_hal_flash_ex.o
LOAD ./Drivers/STM32G0xx_HAL_Driver/Src/stm32g0xx_hal_gpio.o
LOAD ./Drivers/STM32G0xx_HAL_Driver/Src/stm32g0xx_hal_pcd.o
LOAD ./Drivers/STM32G0xx_HAL_Driver/Src/stm32g0xx_hal_pcd_ex.o
LOAD ./Drivers/STM32G0xx_HAL_Driver/Src/stm32g0xx_hal_pwr.o
LOAD ./Drivers/STM32G0xx_HAL_Driver/Src/stm32g0xx_hal_pwr_ex.o
LOAD ./Drivers/STM32G0xx_HAL_Driver/Src/stm32g0xx_hal_rcc.o
LOAD ./Drivers/STM32G0xx_HAL_Driver/Src/stm32g0xx_hal_rcc_ex.o
LOAD ./Drivers/STM32G0xx_HAL_Driver/Src/stm32g0xx_hal_spi.o
LOAD ./Drivers/STM32G0xx_HAL_Driver/Src/stm32g0xx_hal_spi_ex.o
LOAD ./Drivers/STM32G0xx_HAL_Driver/Src/stm32g0xx_hal_tim.o
LOAD ./Drivers/STM32G0xx_HAL_Driver/Src/stm32g0xx_hal_tim_ex.o
LOAD ./Drivers/STM32G0xx_HAL_Driver/Src/stm32g0xx_ll_adc.o
LOAD ./Drivers/STM32G0xx_HAL_Driver/Src/stm32g0xx_ll_dma.o
LOAD ./Drivers/STM32G0xx_HAL_Driver/Src/stm32g0xx_ll_rcc.o
LOAD ./Drivers/STM32G0xx_HAL_Driver/Src/stm32g0xx_ll_usb.o
LOAD ./Middlewares/ST/threadx/common/src/tx_block_allocate.o
LOAD ./Middlewares/ST/threadx/common/src/tx_block_pool_cleanup.o
LOAD ./Middlewares/ST/threadx/common/src/tx_block_pool_create.o
LOAD ./Middlewares/ST/threadx/common/src/tx_block_pool_delete.o
LOAD ./Middlewares/ST/threadx/common/src/tx_block_pool_info_get.o
LOAD ./Middlewares/ST/threadx/common/src/tx_block_pool_initialize.o
LOAD ./Middlewares/ST/threadx/common/src/tx_block_pool_prioritize.o
LOAD ./Middlewares/ST/threadx/common/src/tx_block_release.o
LOAD ./Middlewares/ST/threadx/common/src/tx_byte_allocate.o
LOAD ./Middlewares/ST/threadx/common/src/tx_byte_pool_cleanup.o
LOAD ./Middlewares/ST/threadx/common/src/tx_byte_pool_create.o
LOAD ./Middlewares/ST/threadx/common/src/tx_byte_pool_delete.o
LOAD ./Middlewares/ST/threadx/common/src/tx_byte_pool_info_get.o
LOAD ./Middlewares/ST/threadx/common/src/tx_byte_pool_initialize.o
LOAD ./Middlewares/ST/threadx/common/src/tx_byte_pool_prioritize.o
LOAD ./Middlewares/ST/threadx/common/src/tx_byte_pool_search.o
LOAD ./Middlewares/ST/threadx/common/src/tx_byte_release.o
LOAD ./Middlewares/ST/threadx/common/src/tx_event_flags_cleanup.o
LOAD ./Middlewares/ST/threadx/common/src/tx_event_flags_create.o
LOAD ./Middlewares/ST/threadx/common/src/tx_event_flags_delete.o
LOAD ./Middlewares/ST/threadx/common/src/tx_event_flags_get.o
LOAD ./Middlewares/ST/threadx/common/src/tx_event_flags_info_get.o
LOAD ./Middlewares/ST/threadx/common/src/tx_event_flags_initialize.o
LOAD ./Middlewares/ST/threadx/common/src/tx_event_flags_set.o
LOAD ./Middlewares/ST/threadx/common/src/tx_event_flags_set_notify.o
LOAD ./Middlewares/ST/threadx/common/src/tx_initialize_high_level.o
LOAD ./Middlewares/ST/threadx/common/src/tx_initialize_kernel_enter.o
LOAD ./Middlewares/ST/threadx/common/src/tx_initialize_kernel_setup.o
LOAD ./Middlewares/ST/threadx/common/src/tx_mutex_cleanup.o
LOAD ./Middlewares/ST/threadx/common/src/tx_mutex_create.o
LOAD ./Middlewares/ST/threadx/common/src/tx_mutex_delete.o
LOAD ./Middlewares/ST/threadx/common/src/tx_mutex_get.o
LOAD ./Middlewares/ST/threadx/common/src/tx_mutex_info_get.o
LOAD ./Middlewares/ST/threadx/common/src/tx_mutex_initialize.o
LOAD ./Middlewares/ST/threadx/common/src/tx_mutex_prioritize.o
LOAD ./Middlewares/ST/threadx/common/src/tx_mutex_priority_change.o
LOAD ./Middlewares/ST/threadx/common/src/tx_mutex_put.o
LOAD ./Middlewares/ST/threadx/common/src/tx_queue_cleanup.o
LOAD ./Middlewares/ST/threadx/common/src/tx_queue_create.o
LOAD ./Middlewares/ST/threadx/common/src/tx_queue_delete.o
LOAD ./Middlewares/ST/threadx/common/src/tx_queue_flush.o
LOAD ./Middlewares/ST/threadx/common/src/tx_queue_front_send.o
LOAD ./Middlewares/ST/threadx/common/src/tx_queue_info_get.o
LOAD ./Middlewares/ST/threadx/common/src/tx_queue_initialize.o
LOAD ./Middlewares/ST/threadx/common/src/tx_queue_prioritize.o
LOAD ./Middlewares/ST/threadx/common/src/tx_queue_receive.o
LOAD ./Middlewares/ST/threadx/common/src/tx_queue_send.o
LOAD ./Middlewares/ST/threadx/common/src/tx_queue_send_notify.o
LOAD ./Middlewares/ST/threadx/common/src/tx_semaphore_ceiling_put.o
LOAD ./Middlewares/ST/threadx/common/src/tx_semaphore_cleanup.o
LOAD ./Middlewares/ST/threadx/common/src/tx_semaphore_create.o
LOAD ./Middlewares/ST/threadx/common/src/tx_semaphore_delete.o
LOAD ./Middlewares/ST/threadx/common/src/tx_semaphore_get.o
LOAD ./Middlewares/ST/threadx/common/src/tx_semaphore_info_get.o
LOAD ./Middlewares/ST/threadx/common/src/tx_semaphore_initialize.o
LOAD ./Middlewares/ST/threadx/common/src/tx_semaphore_prioritize.o
LOAD ./Middlewares/ST/threadx/common/src/tx_semaphore_put.o
LOAD ./Middlewares/ST/threadx/common/src/tx_semaphore_put_notify.o
LOAD ./Middlewares/ST/threadx/common/src/tx_thread_create.o
LOAD ./Middlewares/ST/threadx/common/src/tx_thread_delete.o
LOAD ./Middlewares/ST/threadx/common/src/tx_thread_entry_exit_notify.o
LOAD ./Middlewares/ST/threadx/common/src/tx_thread_identify.o
LOAD ./Middlewares/ST/threadx/common/src/tx_thread_info_get.o
LOAD ./Middlewares/ST/threadx/common/src/tx_thread_initialize.o
LOAD ./Middlewares/ST/threadx/common/src/tx_thread_preemption_change.o
LOAD ./Middlewares/ST/threadx/common/src/tx_thread_priority_change.o
LOAD ./Middlewares/ST/threadx/common/src/tx_thread_relinquish.o
LOAD ./Middlewares/ST/threadx/common/src/tx_thread_reset.o
LOAD ./Middlewares/ST/threadx/common/src/tx_thread_resume.o
LOAD ./Middlewares/ST/threadx/common/src/tx_thread_shell_entry.o
LOAD ./Middlewares/ST/threadx/common/src/tx_thread_sleep.o
LOAD ./Middlewares/ST/threadx/common/src/tx_thread_stack_analyze.o
LOAD ./Middlewares/ST/threadx/common/src/tx_thread_stack_error_handler.o
LOAD ./Middlewares/ST/threadx/common/src/tx_thread_stack_error_notify.o
LOAD ./Middlewares/ST/threadx/common/src/tx_thread_suspend.o
LOAD ./Middlewares/ST/threadx/common/src/tx_thread_system_preempt_check.o
LOAD ./Middlewares/ST/threadx/common/src/tx_thread_system_resume.o
LOAD ./Middlewares/ST/threadx/common/src/tx_thread_system_suspend.o
LOAD ./Middlewares/ST/threadx/common/src/tx_thread_terminate.o
LOAD ./Middlewares/ST/threadx/common/src/tx_thread_time_slice.o
LOAD ./Middlewares/ST/threadx/common/src/tx_thread_time_slice_change.o
LOAD ./Middlewares/ST/threadx/common/src/tx_thread_timeout.o
LOAD ./Middlewares/ST/threadx/common/src/tx_thread_wait_abort.o
LOAD ./Middlewares/ST/threadx/common/src/tx_time_get.o
LOAD ./Middlewares/ST/threadx/common/src/tx_time_set.o
LOAD ./Middlewares/ST/threadx/common/src/tx_timer_activate.o
LOAD ./Middlewares/ST/threadx/common/src/tx_timer_change.o
LOAD ./Middlewares/ST/threadx/common/src/tx_timer_create.o
LOAD ./Middlewares/ST/threadx/common/src/tx_timer_deactivate.o
LOAD ./Middlewares/ST/threadx/common/src/tx_timer_delete.o
LOAD ./Middlewares/ST/threadx/common/src/tx_timer_expiration_process.o
LOAD ./Middlewares/ST/threadx/common/src/tx_timer_info_get.o
LOAD ./Middlewares/ST/threadx/common/src/tx_timer_initialize.o
LOAD ./Middlewares/ST/threadx/common/src/tx_timer_system_activate.o
LOAD ./Middlewares/ST/threadx/common/src/tx_timer_system_deactivate.o
LOAD ./Middlewares/ST/threadx/common/src/tx_timer_thread_entry.o
LOAD ./Middlewares/ST/threadx/common/src/txe_block_allocate.o
LOAD ./Middlewares/ST/threadx/common/src/txe_block_pool_create.o
LOAD ./Middlewares/ST/threadx/common/src/txe_block_pool_delete.o
LOAD ./Middlewares/ST/threadx/common/src/txe_block_pool_info_get.o
LOAD ./Middlewares/ST/threadx/common/src/txe_block_pool_prioritize.o
LOAD ./Middlewares/ST/threadx/common/src/txe_block_release.o
LOAD ./Middlewares/ST/threadx/common/src/txe_byte_allocate.o
LOAD ./Middlewares/ST/threadx/common/src/txe_byte_pool_create.o
LOAD ./Middlewares/ST/threadx/common/src/txe_byte_pool_delete.o
LOAD ./Middlewares/ST/threadx/common/src/txe_byte_pool_info_get.o
LOAD ./Middlewares/ST/threadx/common/src/txe_byte_pool_prioritize.o
LOAD ./Middlewares/ST/threadx/common/src/txe_byte_release.o
LOAD ./Middlewares/ST/threadx/common/src/txe_event_flags_create.o
LOAD ./Middlewares/ST/threadx/common/src/txe_event_flags_delete.o
LOAD ./Middlewares/ST/threadx/common/src/txe_event_flags_get.o
LOAD ./Middlewares/ST/threadx/common/src/txe_event_flags_info_get.o
LOAD ./Middlewares/ST/threadx/common/src/txe_event_flags_set.o
LOAD ./Middlewares/ST/threadx/common/src/txe_event_flags_set_notify.o
LOAD ./Middlewares/ST/threadx/common/src/txe_mutex_create.o
LOAD ./Middlewares/ST/threadx/common/src/txe_mutex_delete.o
LOAD ./Middlewares/ST/threadx/common/src/txe_mutex_get.o
LOAD ./Middlewares/ST/threadx/common/src/txe_mutex_info_get.o
LOAD ./Middlewares/ST/threadx/common/src/txe_mutex_prioritize.o
LOAD ./Middlewares/ST/threadx/common/src/txe_mutex_put.o
LOAD ./Middlewares/ST/threadx/common/src/txe_queue_create.o
LOAD ./Middlewares/ST/threadx/common/src/txe_queue_delete.o
LOAD ./Middlewares/ST/threadx/common/src/txe_queue_flush.o
LOAD ./Middlewares/ST/threadx/common/src/txe_queue_front_send.o
LOAD ./Middlewares/ST/threadx/common/src/txe_queue_info_get.o
LOAD ./Middlewares/ST/threadx/common/src/txe_queue_prioritize.o
LOAD ./Middlewares/ST/threadx/common/src/txe_queue_receive.o
LOAD ./Middlewares/ST/threadx/common/src/txe_queue_send.o
LOAD ./Middlewares/ST/threadx/common/src/txe_queue_send_notify.o
LOAD ./Middlewares/ST/threadx/common/src/txe_semaphore_ceiling_put.o
LOAD ./Middlewares/ST/threadx/common/src/txe_semaphore_create.o
LOAD ./Middlewares/ST/threadx/common/src/txe_semaphore_delete.o
LOAD ./Middlewares/ST/threadx/common/src/txe_semaphore_get.o
LOAD ./Middlewares/ST/threadx/common/src/txe_semaphore_info_get.o
LOAD ./Middlewares/ST/threadx/common/src/txe_semaphore_prioritize.o
LOAD ./Middlewares/ST/threadx/common/src/txe_semaphore_put.o
LOAD ./Middlewares/ST/threadx/common/src/txe_semaphore_put_notify.o
LOAD ./Middlewares/ST/threadx/common/src/txe_thread_create.o
LOAD ./Middlewares/ST/threadx/common/src/txe_thread_delete.o
LOAD ./Middlewares/ST/threadx/common/src/txe_thread_entry_exit_notify.o
LOAD ./Middlewares/ST/threadx/common/src/txe_thread_info_get.o
LOAD ./Middlewares/ST/threadx/common/src/txe_thread_preemption_change.o
LOAD ./Middlewares/ST/threadx/common/src/txe_thread_priority_change.o
LOAD ./Middlewares/ST/threadx/common/src/txe_thread_relinquish.o
LOAD ./Middlewares/ST/threadx/common/src/txe_thread_reset.o
LOAD ./Middlewares/ST/threadx/common/src/txe_thread_resume.o
LOAD ./Middlewares/ST/threadx/common/src/txe_thread_suspend.o
LOAD ./Middlewares/ST/threadx/common/src/txe_thread_terminate.o
LOAD ./Middlewares/ST/threadx/common/src/txe_thread_time_slice_change.o
LOAD ./Middlewares/ST/threadx/common/src/txe_thread_wait_abort.o
LOAD ./Middlewares/ST/threadx/common/src/txe_timer_activate.o
LOAD ./Middlewares/ST/threadx/common/src/txe_timer_change.o
LOAD ./Middlewares/ST/threadx/common/src/txe_timer_create.o
LOAD ./Middlewares/ST/threadx/common/src/txe_timer_deactivate.o
LOAD ./Middlewares/ST/threadx/common/src/txe_timer_delete.o
LOAD ./Middlewares/ST/threadx/common/src/txe_timer_info_get.o
LOAD ./Middlewares/ST/threadx/ports/cortex_m0/gnu/src/tx_thread_context_restore.o
LOAD ./Middlewares/ST/threadx/ports/cortex_m0/gnu/src/tx_thread_context_save.o
LOAD ./Middlewares/ST/threadx/ports/cortex_m0/gnu/src/tx_thread_interrupt_control.o
LOAD ./Middlewares/ST/threadx/ports/cortex_m0/gnu/src/tx_thread_interrupt_disable.o
LOAD ./Middlewares/ST/threadx/ports/cortex_m0/gnu/src/tx_thread_interrupt_restore.o
LOAD ./Middlewares/ST/threadx/ports/cortex_m0/gnu/src/tx_thread_schedule.o
LOAD ./Middlewares/ST/threadx/ports/cortex_m0/gnu/src/tx_thread_stack_build.o
LOAD ./Middlewares/ST/threadx/ports/cortex_m0/gnu/src/tx_thread_system_return.o
LOAD ./Middlewares/ST/threadx/ports/cortex_m0/gnu/src/tx_timer_interrupt.o
LOAD ./Middlewares/ST/usbx/common/core/src/ux_device_stack_alternate_setting_get.o
LOAD ./Middlewares/ST/usbx/common/core/src/ux_device_stack_alternate_setting_set.o
LOAD ./Middlewares/ST/usbx/common/core/src/ux_device_stack_class_register.o
LOAD ./Middlewares/ST/usbx/common/core/src/ux_device_stack_class_unregister.o
LOAD ./Middlewares/ST/usbx/common/core/src/ux_device_stack_clear_feature.o
LOAD ./Middlewares/ST/usbx/common/core/src/ux_device_stack_configuration_get.o
LOAD ./Middlewares/ST/usbx/common/core/src/ux_device_stack_configuration_set.o
LOAD ./Middlewares/ST/usbx/common/core/src/ux_device_stack_control_request_process.o
LOAD ./Middlewares/ST/usbx/common/core/src/ux_device_stack_descriptor_send.o
LOAD ./Middlewares/ST/usbx/common/core/src/ux_device_stack_disconnect.o
LOAD ./Middlewares/ST/usbx/common/core/src/ux_device_stack_endpoint_stall.o
LOAD ./Middlewares/ST/usbx/common/core/src/ux_device_stack_get_status.o
LOAD ./Middlewares/ST/usbx/common/core/src/ux_device_stack_host_wakeup.o
LOAD ./Middlewares/ST/usbx/common/core/src/ux_device_stack_initialize.o
LOAD ./Middlewares/ST/usbx/common/core/src/ux_device_stack_interface_delete.o
LOAD ./Middlewares/ST/usbx/common/core/src/ux_device_stack_interface_get.o
LOAD ./Middlewares/ST/usbx/common/core/src/ux_device_stack_interface_set.o
LOAD ./Middlewares/ST/usbx/common/core/src/ux_device_stack_interface_start.o
LOAD ./Middlewares/ST/usbx/common/core/src/ux_device_stack_microsoft_extension_register.o
LOAD ./Middlewares/ST/usbx/common/core/src/ux_device_stack_set_feature.o
LOAD ./Middlewares/ST/usbx/common/core/src/ux_device_stack_transfer_abort.o
LOAD ./Middlewares/ST/usbx/common/core/src/ux_device_stack_transfer_all_request_abort.o
LOAD ./Middlewares/ST/usbx/common/core/src/ux_device_stack_transfer_request.o
LOAD ./Middlewares/ST/usbx/common/core/src/ux_device_stack_uninitialize.o
LOAD ./Middlewares/ST/usbx/common/core/src/ux_system_error_handler.o
LOAD ./Middlewares/ST/usbx/common/core/src/ux_system_initialize.o
LOAD ./Middlewares/ST/usbx/common/core/src/ux_system_uninitialize.o
LOAD ./Middlewares/ST/usbx/common/core/src/ux_utility_debug_callback_register.o
LOAD ./Middlewares/ST/usbx/common/core/src/ux_utility_debug_log.o
LOAD ./Middlewares/ST/usbx/common/core/src/ux_utility_delay_ms.o
LOAD ./Middlewares/ST/usbx/common/core/src/ux_utility_descriptor_pack.o
LOAD ./Middlewares/ST/usbx/common/core/src/ux_utility_descriptor_parse.o
LOAD ./Middlewares/ST/usbx/common/core/src/ux_utility_error_callback_register.o
LOAD ./Middlewares/ST/usbx/common/core/src/ux_utility_event_flags_create.o
LOAD ./Middlewares/ST/usbx/common/core/src/ux_utility_event_flags_delete.o
LOAD ./Middlewares/ST/usbx/common/core/src/ux_utility_event_flags_get.o
LOAD ./Middlewares/ST/usbx/common/core/src/ux_utility_event_flags_set.o
LOAD ./Middlewares/ST/usbx/common/core/src/ux_utility_long_get.o
LOAD ./Middlewares/ST/usbx/common/core/src/ux_utility_long_get_big_endian.o
LOAD ./Middlewares/ST/usbx/common/core/src/ux_utility_long_put.o
LOAD ./Middlewares/ST/usbx/common/core/src/ux_utility_long_put_big_endian.o
LOAD ./Middlewares/ST/usbx/common/core/src/ux_utility_memory_allocate.o
LOAD ./Middlewares/ST/usbx/common/core/src/ux_utility_memory_allocate_add_safe.o
LOAD ./Middlewares/ST/usbx/common/core/src/ux_utility_memory_allocate_mulc_safe.o
LOAD ./Middlewares/ST/usbx/common/core/src/ux_utility_memory_allocate_mulv_safe.o
LOAD ./Middlewares/ST/usbx/common/core/src/ux_utility_memory_compare.o
LOAD ./Middlewares/ST/usbx/common/core/src/ux_utility_memory_copy.o
LOAD ./Middlewares/ST/usbx/common/core/src/ux_utility_memory_free.o
LOAD ./Middlewares/ST/usbx/common/core/src/ux_utility_memory_free_block_best_get.o
LOAD ./Middlewares/ST/usbx/common/core/src/ux_utility_memory_set.o
LOAD ./Middlewares/ST/usbx/common/core/src/ux_utility_mutex_create.o
LOAD ./Middlewares/ST/usbx/common/core/src/ux_utility_mutex_delete.o
LOAD ./Middlewares/ST/usbx/common/core/src/ux_utility_mutex_off.o
LOAD ./Middlewares/ST/usbx/common/core/src/ux_utility_mutex_on.o
LOAD ./Middlewares/ST/usbx/common/core/src/ux_utility_pci_class_scan.o
LOAD ./Middlewares/ST/usbx/common/core/src/ux_utility_pci_read.o
LOAD ./Middlewares/ST/usbx/common/core/src/ux_utility_pci_write.o
LOAD ./Middlewares/ST/usbx/common/core/src/ux_utility_physical_address.o
LOAD ./Middlewares/ST/usbx/common/core/src/ux_utility_semaphore_create.o
LOAD ./Middlewares/ST/usbx/common/core/src/ux_utility_semaphore_delete.o
LOAD ./Middlewares/ST/usbx/common/core/src/ux_utility_semaphore_get.o
LOAD ./Middlewares/ST/usbx/common/core/src/ux_utility_semaphore_put.o
LOAD ./Middlewares/ST/usbx/common/core/src/ux_utility_set_interrupt_handler.o
LOAD ./Middlewares/ST/usbx/common/core/src/ux_utility_short_get.o
LOAD ./Middlewares/ST/usbx/common/core/src/ux_utility_short_get_big_endian.o
LOAD ./Middlewares/ST/usbx/common/core/src/ux_utility_short_put.o
LOAD ./Middlewares/ST/usbx/common/core/src/ux_utility_short_put_big_endian.o
LOAD ./Middlewares/ST/usbx/common/core/src/ux_utility_string_length_check.o
LOAD ./Middlewares/ST/usbx/common/core/src/ux_utility_string_length_get.o
LOAD ./Middlewares/ST/usbx/common/core/src/ux_utility_string_to_unicode.o
LOAD ./Middlewares/ST/usbx/common/core/src/ux_utility_thread_create.o
LOAD ./Middlewares/ST/usbx/common/core/src/ux_utility_thread_delete.o
LOAD ./Middlewares/ST/usbx/common/core/src/ux_utility_thread_identify.o
LOAD ./Middlewares/ST/usbx/common/core/src/ux_utility_thread_relinquish.o
LOAD ./Middlewares/ST/usbx/common/core/src/ux_utility_thread_resume.o
LOAD ./Middlewares/ST/usbx/common/core/src/ux_utility_thread_schedule_other.o
LOAD ./Middlewares/ST/usbx/common/core/src/ux_utility_thread_sleep.o
LOAD ./Middlewares/ST/usbx/common/core/src/ux_utility_thread_suspend.o
LOAD ./Middlewares/ST/usbx/common/core/src/ux_utility_timer_create.o
LOAD ./Middlewares/ST/usbx/common/core/src/ux_utility_unicode_to_string.o
LOAD ./Middlewares/ST/usbx/common/core/src/ux_utility_virtual_address.o
LOAD ./Middlewares/ST/usbx/common/usbx_device_classes/src/ux_device_class_cdc_acm_activate.o
LOAD ./Middlewares/ST/usbx/common/usbx_device_classes/src/ux_device_class_cdc_acm_bulkin_thread.o
LOAD ./Middlewares/ST/usbx/common/usbx_device_classes/src/ux_device_class_cdc_acm_bulkout_thread.o
LOAD ./Middlewares/ST/usbx/common/usbx_device_classes/src/ux_device_class_cdc_acm_control_request.o
LOAD ./Middlewares/ST/usbx/common/usbx_device_classes/src/ux_device_class_cdc_acm_deactivate.o
LOAD ./Middlewares/ST/usbx/common/usbx_device_classes/src/ux_device_class_cdc_acm_entry.o
LOAD ./Middlewares/ST/usbx/common/usbx_device_classes/src/ux_device_class_cdc_acm_initialize.o
LOAD ./Middlewares/ST/usbx/common/usbx_device_classes/src/ux_device_class_cdc_acm_ioctl.o
LOAD ./Middlewares/ST/usbx/common/usbx_device_classes/src/ux_device_class_cdc_acm_read.o
LOAD ./Middlewares/ST/usbx/common/usbx_device_classes/src/ux_device_class_cdc_acm_unitialize.o
LOAD ./Middlewares/ST/usbx/common/usbx_device_classes/src/ux_device_class_cdc_acm_write.o
LOAD ./Middlewares/ST/usbx/common/usbx_device_classes/src/ux_device_class_cdc_acm_write_with_callback.o
LOAD ./Middlewares/ST/usbx/common/usbx_stm32_device_controllers/ux_dcd_stm32_callback.o
LOAD ./Middlewares/ST/usbx/common/usbx_stm32_device_controllers/ux_dcd_stm32_endpoint_create.o
LOAD ./Middlewares/ST/usbx/common/usbx_stm32_device_controllers/ux_dcd_stm32_endpoint_destroy.o
LOAD ./Middlewares/ST/usbx/common/usbx_stm32_device_controllers/ux_dcd_stm32_endpoint_reset.o
LOAD ./Middlewares/ST/usbx/common/usbx_stm32_device_controllers/ux_dcd_stm32_endpoint_stall.o
LOAD ./Middlewares/ST/usbx/common/usbx_stm32_device_controllers/ux_dcd_stm32_endpoint_status.o
LOAD ./Middlewares/ST/usbx/common/usbx_stm32_device_controllers/ux_dcd_stm32_frame_number_get.o
LOAD ./Middlewares/ST/usbx/common/usbx_stm32_device_controllers/ux_dcd_stm32_function.o
LOAD ./Middlewares/ST/usbx/common/usbx_stm32_device_controllers/ux_dcd_stm32_initialize.o
LOAD ./Middlewares/ST/usbx/common/usbx_stm32_device_controllers/ux_dcd_stm32_initialize_complete.o
LOAD ./Middlewares/ST/usbx/common/usbx_stm32_device_controllers/ux_dcd_stm32_interrupt_handler.o
LOAD ./Middlewares/ST/usbx/common/usbx_stm32_device_controllers/ux_dcd_stm32_transfer_abort.o
LOAD ./Middlewares/ST/usbx/common/usbx_stm32_device_controllers/ux_dcd_stm32_transfer_request.o
LOAD ./Middlewares/ST/usbx/common/usbx_stm32_device_controllers/ux_dcd_stm32_uninitialize.o
LOAD ./USBX/App/app_usbx_device.o
LOAD ./USBX/App/ux_device_cdc_acm.o
LOAD ./USBX/App/ux_device_descriptors.o
START GROUP
LOAD C:/ST/STM32CubeIDE_1.14.1/STM32CubeIDE/plugins/com.st.stm32cube.ide.mcu.externaltools.gnu-tools-for-stm32.11.3.rel1.win32_1.1.100.202309141235/tools/bin/../lib/gcc/arm-none-eabi/11.3.1/../../../../arm-none-eabi/lib/thumb/v6-m/nofp\libc_nano.a
LOAD C:/ST/STM32CubeIDE_1.14.1/STM32CubeIDE/plugins/com.st.stm32cube.ide.mcu.externaltools.gnu-tools-for-stm32.11.3.rel1.win32_1.1.100.202309141235/tools/bin/../lib/gcc/arm-none-eabi/11.3.1/../../../../arm-none-eabi/lib/thumb/v6-m/nofp\libm.a
END GROUP
START GROUP
LOAD C:/ST/STM32CubeIDE_1.14.1/STM32CubeIDE/plugins/com.st.stm32cube.ide.mcu.externaltools.gnu-tools-for-stm32.11.3.rel1.win32_1.1.100.202309141235/tools/bin/../lib/gcc/arm-none-eabi/11.3.1/thumb/v6-m/nofp\libgcc.a
LOAD C:/ST/STM32CubeIDE_1.14.1/STM32CubeIDE/plugins/com.st.stm32cube.ide.mcu.externaltools.gnu-tools-for-stm32.11.3.rel1.win32_1.1.100.202309141235/tools/bin/../lib/gcc/arm-none-eabi/11.3.1/../../../../arm-none-eabi/lib/thumb/v6-m/nofp\libc_nano.a
END GROUP
START GROUP
LOAD C:/ST/STM32CubeIDE_1.14.1/STM32CubeIDE/plugins/com.st.stm32cube.ide.mcu.externaltools.gnu-tools-for-stm32.11.3.rel1.win32_1.1.100.202309141235/tools/bin/../lib/gcc/arm-none-eabi/11.3.1/thumb/v6-m/nofp\libgcc.a
LOAD C:/ST/STM32CubeIDE_1.14.1/STM32CubeIDE/plugins/com.st.stm32cube.ide.mcu.externaltools.gnu-tools-for-stm32.11.3.rel1.win32_1.1.100.202309141235/tools/bin/../lib/gcc/arm-none-eabi/11.3.1/../../../../arm-none-eabi/lib/thumb/v6-m/nofp\libc_nano.a
LOAD C:/ST/STM32CubeIDE_1.14.1/STM32CubeIDE/plugins/com.st.stm32cube.ide.mcu.externaltools.gnu-tools-for-stm32.11.3.rel1.win32_1.1.100.202309141235/tools/bin/../lib/gcc/arm-none-eabi/11.3.1/../../../../arm-none-eabi/lib/thumb/v6-m/nofp\libnosys.a
END GROUP
START GROUP
LOAD C:/ST/STM32CubeIDE_1.14.1/STM32CubeIDE/plugins/com.st.stm32cube.ide.mcu.externaltools.gnu-tools-for-stm32.11.3.rel1.win32_1.1.100.202309141235/tools/bin/../lib/gcc/arm-none-eabi/11.3.1/thumb/v6-m/nofp\libgcc.a
LOAD C:/ST/STM32CubeIDE_1.14.1/STM32CubeIDE/plugins/com.st.stm32cube.ide.mcu.externaltools.gnu-tools-for-stm32.11.3.rel1.win32_1.1.100.202309141235/tools/bin/../lib/gcc/arm-none-eabi/11.3.1/../../../../arm-none-eabi/lib/thumb/v6-m/nofp\libc_nano.a
LOAD C:/ST/STM32CubeIDE_1.14.1/STM32CubeIDE/plugins/com.st.stm32cube.ide.mcu.externaltools.gnu-tools-for-stm32.11.3.rel1.win32_1.1.100.202309141235/tools/bin/../lib/gcc/arm-none-eabi/11.3.1/../../../../arm-none-eabi/lib/thumb/v6-m/nofp\libnosys.a
END GROUP
LOAD C:/ST/STM32CubeIDE_1.14.1/STM32CubeIDE/plugins/com.st.stm32cube.ide.mcu.externaltools.gnu-tools-for-stm32.11.3.rel1.win32_1.1.100.202309141235/tools/bin/../lib/gcc/arm-none-eabi/11.3.1/thumb/v6-m/nofp/crtend.o
LOAD C:/ST/STM32CubeIDE_1.14.1/STM32CubeIDE/plugins/com.st.stm32cube.ide.mcu.externaltools.gnu-tools-for-stm32.11.3.rel1.win32_1.1.100.202309141235/tools/bin/../lib/gcc/arm-none-eabi/11.3.1/thumb/v6-m/nofp/crtn.o
                0x0000000020024000                _estack = (ORIGIN (RAM) + LENGTH (RAM))
                0x0000000000000200                _Min_Heap_Size = 0x200
                0x0000000000000400                _Min_Stack_Size = 0x400

.isr_vector     0x0000000008000000       0xbc
                0x0000000008000000                . = ALIGN (0x4)
 *(.isr_vector)
 .isr_vector    0x0000000008000000       0xbc ./Core/Startup/startup_stm32g0b1cbtx.o
                0x0000000008000000                g_pfnVectors
                0x00000000080000bc                . = ALIGN (0x4)

.text           0x00000000080000c0     0xaf54
                0x00000000080000c0                . = ALIGN (0x4)
 *(.text)
 .text          0x00000000080000c0       0x48 C:/ST/STM32CubeIDE_1.14.1/STM32CubeIDE/plugins/com.st.stm32cube.ide.mcu.externaltools.gnu-tools-for-stm32.11.3.rel1.win32_1.1.100.202309141235/tools/bin/../lib/gcc/arm-none-eabi/11.3.1/thumb/v6-m/nofp/crtbegin.o
 *fill*         0x0000000008000108        0x8 
 .text          0x0000000008000110       0x8c ./Core/Src/tx_initialize_low_level.o
                0x0000000008000110                _tx_initialize_low_level
                0x000000000800014e                __tx_BadHandler
                0x0000000008000150                __tx_HardfaultHandler
                0x0000000008000152                __tx_IntHandler
                0x000000000800015a                __tx_SysTickHandler
                0x000000000800015a                SysTick_Handler
                0x0000000008000166                __tx_NMIHandler
                0x0000000008000168                __tx_DBGHandler
 *fill*         0x000000000800019c        0x4 
 .text          0x00000000080001a0       0xb8 ./Middlewares/ST/threadx/ports/cortex_m0/gnu/src/tx_thread_schedule.o
                0x00000000080001a0                _tx_thread_schedule
                0x00000000080001b8                __tx_SVCallHandler
                0x00000000080001b8                __tx_PendSVHandler
                0x00000000080001b8                PendSV_Handler
 *fill*         0x0000000008000258        0x8 
 .text          0x0000000008000260       0x44 ./Middlewares/ST/threadx/ports/cortex_m0/gnu/src/tx_thread_stack_build.o
                0x0000000008000260                _tx_thread_stack_build
 *fill*         0x00000000080002a4        0xc 
 .text          0x00000000080002b0       0xc0 ./Middlewares/ST/threadx/ports/cortex_m0/gnu/src/tx_timer_interrupt.o
                0x00000000080002b0                _tx_timer_interrupt
 .text          0x0000000008000370        0xe C:/ST/STM32CubeIDE_1.14.1/STM32CubeIDE/plugins/com.st.stm32cube.ide.mcu.externaltools.gnu-tools-for-stm32.11.3.rel1.win32_1.1.100.202309141235/tools/bin/../lib/gcc/arm-none-eabi/11.3.1/../../../../arm-none-eabi/lib/thumb/v6-m/nofp\libc_nano.a(libc_a-strlen.o)
                0x0000000008000370                strlen
 *fill*         0x000000000800037e        0x2 
 .text          0x0000000008000380       0x14 C:/ST/STM32CubeIDE_1.14.1/STM32CubeIDE/plugins/com.st.stm32cube.ide.mcu.externaltools.gnu-tools-for-stm32.11.3.rel1.win32_1.1.100.202309141235/tools/bin/../lib/gcc/arm-none-eabi/11.3.1/thumb/v6-m/nofp\libgcc.a(_thumb1_case_sqi.o)
                0x0000000008000380                __gnu_thumb1_case_sqi
 .text          0x0000000008000394       0x14 C:/ST/STM32CubeIDE_1.14.1/STM32CubeIDE/plugins/com.st.stm32cube.ide.mcu.externaltools.gnu-tools-for-stm32.11.3.rel1.win32_1.1.100.202309141235/tools/bin/../lib/gcc/arm-none-eabi/11.3.1/thumb/v6-m/nofp\libgcc.a(_thumb1_case_uqi.o)
                0x0000000008000394                __gnu_thumb1_case_uqi
 .text          0x00000000080003a8      0x114 C:/ST/STM32CubeIDE_1.14.1/STM32CubeIDE/plugins/com.st.stm32cube.ide.mcu.externaltools.gnu-tools-for-stm32.11.3.rel1.win32_1.1.100.202309141235/tools/bin/../lib/gcc/arm-none-eabi/11.3.1/thumb/v6-m/nofp\libgcc.a(_udivsi3.o)
                0x00000000080003a8                __aeabi_uidiv
                0x00000000080003a8                __udivsi3
                0x00000000080004b4                __aeabi_uidivmod
 .text          0x00000000080004bc        0x4 C:/ST/STM32CubeIDE_1.14.1/STM32CubeIDE/plugins/com.st.stm32cube.ide.mcu.externaltools.gnu-tools-for-stm32.11.3.rel1.win32_1.1.100.202309141235/tools/bin/../lib/gcc/arm-none-eabi/11.3.1/thumb/v6-m/nofp\libgcc.a(_dvmd_tls.o)
                0x00000000080004bc                __aeabi_idiv0
                0x00000000080004bc                __aeabi_ldiv0
 .text          0x00000000080004c0       0x74 C:/ST/STM32CubeIDE_1.14.1/STM32CubeIDE/plugins/com.st.stm32cube.ide.mcu.externaltools.gnu-tools-for-stm32.11.3.rel1.win32_1.1.100.202309141235/tools/bin/../lib/gcc/arm-none-eabi/11.3.1/thumb/v6-m/nofp\libgcc.a(_arm_cmpsf2.o)
                0x00000000080004c0                __aeabi_cfrcmple
                0x00000000080004c8                __aeabi_cfcmpeq
                0x00000000080004c8                __aeabi_cfcmple
                0x00000000080004d8                __aeabi_fcmpeq
                0x00000000080004e4                __aeabi_fcmplt
                0x00000000080004f8                __aeabi_fcmple
                0x000000000800050c                __aeabi_fcmpgt
                0x0000000008000520                __aeabi_fcmpge
 .text          0x0000000008000534       0x30 C:/ST/STM32CubeIDE_1.14.1/STM32CubeIDE/plugins/com.st.stm32cube.ide.mcu.externaltools.gnu-tools-for-stm32.11.3.rel1.win32_1.1.100.202309141235/tools/bin/../lib/gcc/arm-none-eabi/11.3.1/thumb/v6-m/nofp\libgcc.a(_fixunssfsi.o)
                0x0000000008000534                __fixunssfsi
                0x0000000008000534                __aeabi_f2uiz
 .text          0x0000000008000564      0x340 C:/ST/STM32CubeIDE_1.14.1/STM32CubeIDE/plugins/com.st.stm32cube.ide.mcu.externaltools.gnu-tools-for-stm32.11.3.rel1.win32_1.1.100.202309141235/tools/bin/../lib/gcc/arm-none-eabi/11.3.1/thumb/v6-m/nofp\libgcc.a(addsf3.o)
                0x0000000008000564                __aeabi_fadd
 .text          0x00000000080008a4      0x234 C:/ST/STM32CubeIDE_1.14.1/STM32CubeIDE/plugins/com.st.stm32cube.ide.mcu.externaltools.gnu-tools-for-stm32.11.3.rel1.win32_1.1.100.202309141235/tools/bin/../lib/gcc/arm-none-eabi/11.3.1/thumb/v6-m/nofp\libgcc.a(divsf3.o)
                0x00000000080008a4                __aeabi_fdiv
 .text          0x0000000008000ad8       0x4c C:/ST/STM32CubeIDE_1.14.1/STM32CubeIDE/plugins/com.st.stm32cube.ide.mcu.externaltools.gnu-tools-for-stm32.11.3.rel1.win32_1.1.100.202309141235/tools/bin/../lib/gcc/arm-none-eabi/11.3.1/thumb/v6-m/nofp\libgcc.a(eqsf2.o)
                0x0000000008000ad8                __eqsf2
                0x0000000008000ad8                __nesf2
 .text          0x0000000008000b24       0x8c C:/ST/STM32CubeIDE_1.14.1/STM32CubeIDE/plugins/com.st.stm32cube.ide.mcu.externaltools.gnu-tools-for-stm32.11.3.rel1.win32_1.1.100.202309141235/tools/bin/../lib/gcc/arm-none-eabi/11.3.1/thumb/v6-m/nofp\libgcc.a(gesf2.o)
                0x0000000008000b24                __gesf2
                0x0000000008000b24                __gtsf2
 .text          0x0000000008000bb0       0x88 C:/ST/STM32CubeIDE_1.14.1/STM32CubeIDE/plugins/com.st.stm32cube.ide.mcu.externaltools.gnu-tools-for-stm32.11.3.rel1.win32_1.1.100.202309141235/tools/bin/../lib/gcc/arm-none-eabi/11.3.1/thumb/v6-m/nofp\libgcc.a(lesf2.o)
                0x0000000008000bb0                __ltsf2
                0x0000000008000bb0                __lesf2
 .text          0x0000000008000c38      0x29c C:/ST/STM32CubeIDE_1.14.1/STM32CubeIDE/plugins/com.st.stm32cube.ide.mcu.externaltools.gnu-tools-for-stm32.11.3.rel1.win32_1.1.100.202309141235/tools/bin/../lib/gcc/arm-none-eabi/11.3.1/thumb/v6-m/nofp\libgcc.a(mulsf3.o)
                0x0000000008000c38                __aeabi_fmul
 .text          0x0000000008000ed4      0x340 C:/ST/STM32CubeIDE_1.14.1/STM32CubeIDE/plugins/com.st.stm32cube.ide.mcu.externaltools.gnu-tools-for-stm32.11.3.rel1.win32_1.1.100.202309141235/tools/bin/../lib/gcc/arm-none-eabi/11.3.1/thumb/v6-m/nofp\libgcc.a(subsf3.o)
                0x0000000008000ed4                __aeabi_fsub
 .text          0x0000000008001214       0x2c C:/ST/STM32CubeIDE_1.14.1/STM32CubeIDE/plugins/com.st.stm32cube.ide.mcu.externaltools.gnu-tools-for-stm32.11.3.rel1.win32_1.1.100.202309141235/tools/bin/../lib/gcc/arm-none-eabi/11.3.1/thumb/v6-m/nofp\libgcc.a(unordsf2.o)
                0x0000000008001214                __aeabi_fcmpun
 .text          0x0000000008001240       0x40 C:/ST/STM32CubeIDE_1.14.1/STM32CubeIDE/plugins/com.st.stm32cube.ide.mcu.externaltools.gnu-tools-for-stm32.11.3.rel1.win32_1.1.100.202309141235/tools/bin/../lib/gcc/arm-none-eabi/11.3.1/thumb/v6-m/nofp\libgcc.a(fixsfsi.o)
                0x0000000008001240                __aeabi_f2iz
 .text          0x0000000008001280       0xa4 C:/ST/STM32CubeIDE_1.14.1/STM32CubeIDE/plugins/com.st.stm32cube.ide.mcu.externaltools.gnu-tools-for-stm32.11.3.rel1.win32_1.1.100.202309141235/tools/bin/../lib/gcc/arm-none-eabi/11.3.1/thumb/v6-m/nofp\libgcc.a(floatsisf.o)
                0x0000000008001280                __aeabi_i2f
 .text          0x0000000008001324       0x90 C:/ST/STM32CubeIDE_1.14.1/STM32CubeIDE/plugins/com.st.stm32cube.ide.mcu.externaltools.gnu-tools-for-stm32.11.3.rel1.win32_1.1.100.202309141235/tools/bin/../lib/gcc/arm-none-eabi/11.3.1/thumb/v6-m/nofp\libgcc.a(floatunsisf.o)
                0x0000000008001324                __aeabi_ui2f
 .text          0x00000000080013b4       0x3c C:/ST/STM32CubeIDE_1.14.1/STM32CubeIDE/plugins/com.st.stm32cube.ide.mcu.externaltools.gnu-tools-for-stm32.11.3.rel1.win32_1.1.100.202309141235/tools/bin/../lib/gcc/arm-none-eabi/11.3.1/thumb/v6-m/nofp\libgcc.a(_clzsi2.o)
                0x00000000080013b4                __clzsi2
 *(.text*)
 .text.tx_application_define
                0x00000000080013f0       0x58 ./AZURE_RTOS/App/app_azure_rtos.o
                0x00000000080013f0                tx_application_define
 .text.MX_ADC1_Init
                0x0000000008001448       0x80 ./Core/Src/adc.o
                0x0000000008001448                MX_ADC1_Init
 .text.HAL_ADC_MspInit
                0x00000000080014c8       0x6c ./Core/Src/adc.o
                0x00000000080014c8                HAL_ADC_MspInit
 .text.App_ThreadX_Init
                0x0000000008001534       0xe0 ./Core/Src/app_threadx.o
                0x0000000008001534                App_ThreadX_Init
 .text.MX_ThreadX_Init
                0x0000000008001614        0x8 ./Core/Src/app_threadx.o
                0x0000000008001614                MX_ThreadX_Init
 .text.MX_DMA_Init
                0x000000000800161c       0x2c ./Core/Src/dma.o
                0x000000000800161c                MX_DMA_Init
 .text.MX_GPIO_Init
                0x0000000008001648       0x90 ./Core/Src/gpio.o
                0x0000000008001648                MX_GPIO_Init
 .text.SystemClock_Config
                0x00000000080016d8       0x80 ./Core/Src/main.o
                0x00000000080016d8                SystemClock_Config
 .text.startup.main
                0x0000000008001758       0x24 ./Core/Src/main.o
                0x0000000008001758                main
 .text.HAL_TIM_PeriodElapsedCallback
                0x000000000800177c       0x14 ./Core/Src/main.o
                0x000000000800177c                HAL_TIM_PeriodElapsedCallback
 .text.Error_Handler
                0x0000000008001790        0x4 ./Core/Src/main.o
                0x0000000008001790                Error_Handler
 .text.tx_main_app_thread_entry
                0x0000000008001794       0x7c ./Core/Src/main_thread.o
                0x0000000008001794                tx_main_app_thread_entry
 .text.neopixel_set_color_rgb.constprop.0
                0x0000000008001810       0x48 ./Core/Src/neopixel.o
 .text.tx_neopixel_app_thread_entry
                0x0000000008001858       0x38 ./Core/Src/neopixel.o
                0x0000000008001858                tx_neopixel_app_thread_entry
 .text.HAL_TIM_PWM_PulseFinishedCallback
                0x0000000008001890        0xa ./Core/Src/neopixel.o
                0x0000000008001890                HAL_TIM_PWM_PulseFinishedCallback
 *fill*         0x000000000800189a        0x2 
 .text.regulator_enable
                0x000000000800189c       0x4c ./Core/Src/regulator.o
                0x000000000800189c                regulator_enable
 .text.regulator_disable
                0x00000000080018e8       0x14 ./Core/Src/regulator.o
                0x00000000080018e8                regulator_disable
 .text.regulator_set_voltage
                0x00000000080018fc      0x15c ./Core/Src/regulator.o
                0x00000000080018fc                regulator_set_voltage
 .text.HAL_ADC_ConvCpltCallback
                0x0000000008001a58        0xc ./Core/Src/regulator.o
                0x0000000008001a58                HAL_ADC_ConvCpltCallback
 .text.MX_SPI1_Init
                0x0000000008001a64       0x50 ./Core/Src/spi.o
                0x0000000008001a64                MX_SPI1_Init
 .text.HAL_SPI_MspInit
                0x0000000008001ab4       0x5c ./Core/Src/spi.o
                0x0000000008001ab4                HAL_SPI_MspInit
 .text.HAL_MspInit
                0x0000000008001b10       0x34 ./Core/Src/stm32g0xx_hal_msp.o
                0x0000000008001b10                HAL_MspInit
 .text.HAL_InitTick
                0x0000000008001b44       0xa0 ./Core/Src/stm32g0xx_hal_timebase_tim.o
                0x0000000008001b44                HAL_InitTick
 .text.NMI_Handler
                0x0000000008001be4        0x2 ./Core/Src/stm32g0xx_it.o
                0x0000000008001be4                NMI_Handler
 .text.HardFault_Handler
                0x0000000008001be6        0x2 ./Core/Src/stm32g0xx_it.o
                0x0000000008001be6                HardFault_Handler
 .text.USB_UCPD1_2_IRQHandler
                0x0000000008001be8       0x10 ./Core/Src/stm32g0xx_it.o
                0x0000000008001be8                USB_UCPD1_2_IRQHandler
 .text.DMA1_Channel1_IRQHandler
                0x0000000008001bf8       0x10 ./Core/Src/stm32g0xx_it.o
                0x0000000008001bf8                DMA1_Channel1_IRQHandler
 .text.ADC1_COMP_IRQHandler
                0x0000000008001c08       0x10 ./Core/Src/stm32g0xx_it.o
                0x0000000008001c08                ADC1_COMP_IRQHandler
 .text.TIM2_IRQHandler
                0x0000000008001c18       0x10 ./Core/Src/stm32g0xx_it.o
                0x0000000008001c18                TIM2_IRQHandler
 .text.TIM17_FDCAN_IT1_IRQHandler
                0x0000000008001c28       0x10 ./Core/Src/stm32g0xx_it.o
                0x0000000008001c28                TIM17_FDCAN_IT1_IRQHandler
 .text.SystemInit
                0x0000000008001c38        0x2 ./Core/Src/system_stm32g0xx.o
                0x0000000008001c38                SystemInit
 *fill*         0x0000000008001c3a        0x2 
 .text.HAL_TIM_PWM_MspInit
                0x0000000008001c3c       0x7c ./Core/Src/tim.o
                0x0000000008001c3c                HAL_TIM_PWM_MspInit
 .text.HAL_TIM_MspPostInit
                0x0000000008001cb8       0x4c ./Core/Src/tim.o
                0x0000000008001cb8                HAL_TIM_MspPostInit
 .text.MX_TIM2_Init
                0x0000000008001d04       0x7c ./Core/Src/tim.o
                0x0000000008001d04                MX_TIM2_Init
 .text.MX_USB_DRD_FS_PCD_Init
                0x0000000008001d80       0x34 ./Core/Src/usb_drd_fs.o
                0x0000000008001d80                MX_USB_DRD_FS_PCD_Init
 .text.HAL_PCD_MspInit
                0x0000000008001db4       0x8c ./Core/Src/usb_drd_fs.o
                0x0000000008001db4                HAL_PCD_MspInit
 .text.Reset_Handler
                0x0000000008001e40       0x50 ./Core/Startup/startup_stm32g0b1cbtx.o
                0x0000000008001e40                Reset_Handler
 .text.Default_Handler
                0x0000000008001e90        0x2 ./Core/Startup/startup_stm32g0b1cbtx.o
                0x0000000008001e90                I2C2_3_IRQHandler
                0x0000000008001e90                USART3_4_5_6_LPUART1_IRQHandler
                0x0000000008001e90                TIM1_CC_IRQHandler
                0x0000000008001e90                I2C1_IRQHandler
                0x0000000008001e90                TIM7_LPTIM2_IRQHandler
                0x0000000008001e90                DMA1_Ch4_7_DMA2_Ch1_5_DMAMUX1_OVR_IRQHandler
                0x0000000008001e90                RCC_CRS_IRQHandler
                0x0000000008001e90                RTC_TAMP_IRQHandler
                0x0000000008001e90                SPI1_IRQHandler
                0x0000000008001e90                EXTI2_3_IRQHandler
                0x0000000008001e90                USART2_LPUART2_IRQHandler
                0x0000000008001e90                PVD_VDDIO2_IRQHandler
                0x0000000008001e90                EXTI4_15_IRQHandler
                0x0000000008001e90                Default_Handler
                0x0000000008001e90                CEC_IRQHandler
                0x0000000008001e90                TIM14_IRQHandler
                0x0000000008001e90                TIM15_IRQHandler
                0x0000000008001e90                TIM3_TIM4_IRQHandler
                0x0000000008001e90                EXTI0_1_IRQHandler
                0x0000000008001e90                SPI2_3_IRQHandler
                0x0000000008001e90                SVC_Handler
                0x0000000008001e90                TIM6_DAC_LPTIM1_IRQHandler
                0x0000000008001e90                WWDG_IRQHandler
                0x0000000008001e90                DMA1_Channel2_3_IRQHandler
                0x0000000008001e90                FLASH_IRQHandler
                0x0000000008001e90                USART1_IRQHandler
                0x0000000008001e90                TIM16_FDCAN_IT0_IRQHandler
                0x0000000008001e90                TIM1_BRK_UP_TRG_COM_IRQHandler
 *fill*         0x0000000008001e92        0x2 
 .text.HAL_Init
                0x0000000008001e94       0x28 ./Drivers/STM32G0xx_HAL_Driver/Src/stm32g0xx_hal.o
                0x0000000008001e94                HAL_Init
 .text.HAL_IncTick
                0x0000000008001ebc       0x18 ./Drivers/STM32G0xx_HAL_Driver/Src/stm32g0xx_hal.o
                0x0000000008001ebc                HAL_IncTick
 .text.HAL_GetTick
                0x0000000008001ed4        0xc ./Drivers/STM32G0xx_HAL_Driver/Src/stm32g0xx_hal.o
                0x0000000008001ed4                HAL_GetTick
 .text.HAL_Delay
                0x0000000008001ee0       0x24 ./Drivers/STM32G0xx_HAL_Driver/Src/stm32g0xx_hal.o
                0x0000000008001ee0                HAL_Delay
 .text.HAL_SYSCFG_StrobeDBattpinsConfig
                0x0000000008001f04       0x18 ./Drivers/STM32G0xx_HAL_Driver/Src/stm32g0xx_hal.o
                0x0000000008001f04                HAL_SYSCFG_StrobeDBattpinsConfig
 .text.LL_ADC_REG_IsConversionOngoing
                0x0000000008001f1c        0x8 ./Drivers/STM32G0xx_HAL_Driver/Src/stm32g0xx_hal_adc.o
 .text.HAL_ADC_Init
                0x0000000008001f24      0x224 ./Drivers/STM32G0xx_HAL_Driver/Src/stm32g0xx_hal_adc.o
                0x0000000008001f24                HAL_ADC_Init
 .text.HAL_ADC_GetValue
                0x0000000008002148        0x6 ./Drivers/STM32G0xx_HAL_Driver/Src/stm32g0xx_hal_adc.o
                0x0000000008002148                HAL_ADC_GetValue
 .text.HAL_ADC_LevelOutOfWindowCallback
                0x000000000800214e        0x2 ./Drivers/STM32G0xx_HAL_Driver/Src/stm32g0xx_hal_adc.o
                0x000000000800214e                HAL_ADC_LevelOutOfWindowCallback
 .text.HAL_ADC_ErrorCallback
                0x0000000008002150        0x2 ./Drivers/STM32G0xx_HAL_Driver/Src/stm32g0xx_hal_adc.o
                0x0000000008002150                HAL_ADC_ErrorCallback
 *fill*         0x0000000008002152        0x2 
 .text.HAL_ADC_IRQHandler
                0x0000000008002154      0x15c ./Drivers/STM32G0xx_HAL_Driver/Src/stm32g0xx_hal_adc.o
                0x0000000008002154                HAL_ADC_IRQHandler
 .text.HAL_ADC_ConfigChannel
                0x00000000080022b0      0x230 ./Drivers/STM32G0xx_HAL_Driver/Src/stm32g0xx_hal_adc.o
                0x00000000080022b0                HAL_ADC_ConfigChannel
 .text.ADC_ConversionStop
                0x00000000080024e0       0x60 ./Drivers/STM32G0xx_HAL_Driver/Src/stm32g0xx_hal_adc.o
                0x00000000080024e0                ADC_ConversionStop
 .text.ADC_Enable
                0x0000000008002540       0xb8 ./Drivers/STM32G0xx_HAL_Driver/Src/stm32g0xx_hal_adc.o
                0x0000000008002540                ADC_Enable
 .text.HAL_ADC_Start_IT
                0x00000000080025f8       0x80 ./Drivers/STM32G0xx_HAL_Driver/Src/stm32g0xx_hal_adc.o
                0x00000000080025f8                HAL_ADC_Start_IT
 .text.ADC_Disable
                0x0000000008002678       0x78 ./Drivers/STM32G0xx_HAL_Driver/Src/stm32g0xx_hal_adc.o
                0x0000000008002678                ADC_Disable
 .text.HAL_ADC_Stop
                0x00000000080026f0       0x3c ./Drivers/STM32G0xx_HAL_Driver/Src/stm32g0xx_hal_adc.o
                0x00000000080026f0                HAL_ADC_Stop
 .text.HAL_ADCEx_Calibration_Start
                0x000000000800272c      0x164 ./Drivers/STM32G0xx_HAL_Driver/Src/stm32g0xx_hal_adc_ex.o
                0x000000000800272c                HAL_ADCEx_Calibration_Start
 .text.HAL_ADCEx_LevelOutOfWindow2Callback
                0x0000000008002890        0x2 ./Drivers/STM32G0xx_HAL_Driver/Src/stm32g0xx_hal_adc_ex.o
                0x0000000008002890                HAL_ADCEx_LevelOutOfWindow2Callback
 .text.HAL_ADCEx_LevelOutOfWindow3Callback
                0x0000000008002892        0x2 ./Drivers/STM32G0xx_HAL_Driver/Src/stm32g0xx_hal_adc_ex.o
                0x0000000008002892                HAL_ADCEx_LevelOutOfWindow3Callback
 .text.HAL_ADCEx_EndOfSamplingCallback
                0x0000000008002894        0x2 ./Drivers/STM32G0xx_HAL_Driver/Src/stm32g0xx_hal_adc_ex.o
                0x0000000008002894                HAL_ADCEx_EndOfSamplingCallback
 .text.HAL_ADCEx_ChannelConfigReadyCallback
                0x0000000008002896        0x2 ./Drivers/STM32G0xx_HAL_Driver/Src/stm32g0xx_hal_adc_ex.o
                0x0000000008002896                HAL_ADCEx_ChannelConfigReadyCallback
 .text.HAL_NVIC_SetPriority
                0x0000000008002898       0x54 ./Drivers/STM32G0xx_HAL_Driver/Src/stm32g0xx_hal_cortex.o
                0x0000000008002898                HAL_NVIC_SetPriority
 .text.HAL_NVIC_EnableIRQ
                0x00000000080028ec       0x18 ./Drivers/STM32G0xx_HAL_Driver/Src/stm32g0xx_hal_cortex.o
                0x00000000080028ec                HAL_NVIC_EnableIRQ
 .text.DMA_SetConfig
                0x0000000008002904       0x38 ./Drivers/STM32G0xx_HAL_Driver/Src/stm32g0xx_hal_dma.o
 .text.DMA_CalcDMAMUXChannelBaseAndMask
                0x000000000800293c       0x4c ./Drivers/STM32G0xx_HAL_Driver/Src/stm32g0xx_hal_dma.o
 .text.HAL_DMA_Init
                0x0000000008002988       0xe0 ./Drivers/STM32G0xx_HAL_Driver/Src/stm32g0xx_hal_dma.o
                0x0000000008002988                HAL_DMA_Init
 .text.HAL_DMA_Start_IT
                0x0000000008002a68       0x90 ./Drivers/STM32G0xx_HAL_Driver/Src/stm32g0xx_hal_dma.o
                0x0000000008002a68                HAL_DMA_Start_IT
 .text.HAL_DMA_Abort_IT
                0x0000000008002af8       0x70 ./Drivers/STM32G0xx_HAL_Driver/Src/stm32g0xx_hal_dma.o
                0x0000000008002af8                HAL_DMA_Abort_IT
 .text.HAL_DMA_IRQHandler
                0x0000000008002b68       0xb0 ./Drivers/STM32G0xx_HAL_Driver/Src/stm32g0xx_hal_dma.o
                0x0000000008002b68                HAL_DMA_IRQHandler
 .text.HAL_GPIO_Init
                0x0000000008002c18      0x17c ./Drivers/STM32G0xx_HAL_Driver/Src/stm32g0xx_hal_gpio.o
                0x0000000008002c18                HAL_GPIO_Init
 .text.HAL_GPIO_WritePin
                0x0000000008002d94        0xc ./Drivers/STM32G0xx_HAL_Driver/Src/stm32g0xx_hal_gpio.o
                0x0000000008002d94                HAL_GPIO_WritePin
 .text.PCD_GET_EP_DBUF0_CNT.constprop.0
                0x0000000008002da0       0x28 ./Drivers/STM32G0xx_HAL_Driver/Src/stm32g0xx_hal_pcd.o
 .text.PCD_GET_EP_RX_CNT.constprop.0
                0x0000000008002dc8       0x28 ./Drivers/STM32G0xx_HAL_Driver/Src/stm32g0xx_hal_pcd.o
 .text.HAL_PCD_Init
                0x0000000008002df0       0xa0 ./Drivers/STM32G0xx_HAL_Driver/Src/stm32g0xx_hal_pcd.o
                0x0000000008002df0                HAL_PCD_Init
 .text.HAL_PCD_Start
                0x0000000008002e90       0x26 ./Drivers/STM32G0xx_HAL_Driver/Src/stm32g0xx_hal_pcd.o
                0x0000000008002e90                HAL_PCD_Start
 .text.HAL_PCD_Stop
                0x0000000008002eb6       0x26 ./Drivers/STM32G0xx_HAL_Driver/Src/stm32g0xx_hal_pcd.o
                0x0000000008002eb6                HAL_PCD_Stop
 .text.HAL_PCD_SOFCallback
                0x0000000008002edc        0x2 ./Drivers/STM32G0xx_HAL_Driver/Src/stm32g0xx_hal_pcd.o
                0x0000000008002edc                HAL_PCD_SOFCallback
 .text.HAL_PCD_SuspendCallback
                0x0000000008002ede        0x2 ./Drivers/STM32G0xx_HAL_Driver/Src/stm32g0xx_hal_pcd.o
                0x0000000008002ede                HAL_PCD_SuspendCallback
 .text.HAL_PCD_ResumeCallback
                0x0000000008002ee0        0x2 ./Drivers/STM32G0xx_HAL_Driver/Src/stm32g0xx_hal_pcd.o
                0x0000000008002ee0                HAL_PCD_ResumeCallback
 .text.HAL_PCD_SetAddress
                0x0000000008002ee2       0x22 ./Drivers/STM32G0xx_HAL_Driver/Src/stm32g0xx_hal_pcd.o
                0x0000000008002ee2                HAL_PCD_SetAddress
 .text.HAL_PCD_IRQHandler
                0x0000000008002f04      0x8d0 ./Drivers/STM32G0xx_HAL_Driver/Src/stm32g0xx_hal_pcd.o
                0x0000000008002f04                HAL_PCD_IRQHandler
 .text.HAL_PCD_EP_Open
                0x00000000080037d4       0x5a ./Drivers/STM32G0xx_HAL_Driver/Src/stm32g0xx_hal_pcd.o
                0x00000000080037d4                HAL_PCD_EP_Open
 .text.HAL_PCD_EP_Close
                0x000000000800382e       0x4a ./Drivers/STM32G0xx_HAL_Driver/Src/stm32g0xx_hal_pcd.o
                0x000000000800382e                HAL_PCD_EP_Close
 .text.HAL_PCD_EP_Receive
                0x0000000008003878       0x38 ./Drivers/STM32G0xx_HAL_Driver/Src/stm32g0xx_hal_pcd.o
                0x0000000008003878                HAL_PCD_EP_Receive
 .text.HAL_PCD_EP_GetRxCount
                0x00000000080038b0       0x10 ./Drivers/STM32G0xx_HAL_Driver/Src/stm32g0xx_hal_pcd.o
                0x00000000080038b0                HAL_PCD_EP_GetRxCount
 .text.HAL_PCD_EP_Transmit
                0x00000000080038c0       0x32 ./Drivers/STM32G0xx_HAL_Driver/Src/stm32g0xx_hal_pcd.o
                0x00000000080038c0                HAL_PCD_EP_Transmit
 .text.HAL_PCD_EP_SetStall
                0x00000000080038f2       0x5c ./Drivers/STM32G0xx_HAL_Driver/Src/stm32g0xx_hal_pcd.o
                0x00000000080038f2                HAL_PCD_EP_SetStall
 .text.HAL_PCD_EP_ClrStall
                0x000000000800394e       0x5a ./Drivers/STM32G0xx_HAL_Driver/Src/stm32g0xx_hal_pcd.o
                0x000000000800394e                HAL_PCD_EP_ClrStall
 .text.HAL_PCD_EP_Abort
                0x00000000080039a8       0x22 ./Drivers/STM32G0xx_HAL_Driver/Src/stm32g0xx_hal_pcd.o
                0x00000000080039a8                HAL_PCD_EP_Abort
 .text.HAL_PCD_EP_Flush
                0x00000000080039ca       0x34 ./Drivers/STM32G0xx_HAL_Driver/Src/stm32g0xx_hal_pcd.o
                0x00000000080039ca                HAL_PCD_EP_Flush
 .text.HAL_PCDEx_PMAConfig
                0x00000000080039fe       0x30 ./Drivers/STM32G0xx_HAL_Driver/Src/stm32g0xx_hal_pcd_ex.o
                0x00000000080039fe                HAL_PCDEx_PMAConfig
 .text.HAL_PCDEx_ActivateLPM
                0x0000000008003a2e       0x26 ./Drivers/STM32G0xx_HAL_Driver/Src/stm32g0xx_hal_pcd_ex.o
                0x0000000008003a2e                HAL_PCDEx_ActivateLPM
 .text.HAL_PCDEx_LPM_Callback
                0x0000000008003a54        0x2 ./Drivers/STM32G0xx_HAL_Driver/Src/stm32g0xx_hal_pcd_ex.o
                0x0000000008003a54                HAL_PCDEx_LPM_Callback
 *fill*         0x0000000008003a56        0x2 
 .text.HAL_PWREx_EnableVddUSB
                0x0000000008003a58       0x14 ./Drivers/STM32G0xx_HAL_Driver/Src/stm32g0xx_hal_pwr_ex.o
                0x0000000008003a58                HAL_PWREx_EnableVddUSB
 .text.HAL_PWREx_ControlVoltageScaling
                0x0000000008003a6c       0x58 ./Drivers/STM32G0xx_HAL_Driver/Src/stm32g0xx_hal_pwr_ex.o
                0x0000000008003a6c                HAL_PWREx_ControlVoltageScaling
 .text.HAL_RCC_OscConfig
                0x0000000008003ac4      0x4ac ./Drivers/STM32G0xx_HAL_Driver/Src/stm32g0xx_hal_rcc.o
                0x0000000008003ac4                HAL_RCC_OscConfig
 .text.HAL_RCC_GetSysClockFreq
                0x0000000008003f70       0x88 ./Drivers/STM32G0xx_HAL_Driver/Src/stm32g0xx_hal_rcc.o
                0x0000000008003f70                HAL_RCC_GetSysClockFreq
 .text.HAL_RCC_ClockConfig
                0x0000000008003ff8      0x15c ./Drivers/STM32G0xx_HAL_Driver/Src/stm32g0xx_hal_rcc.o
                0x0000000008003ff8                HAL_RCC_ClockConfig
 .text.HAL_RCC_GetPCLK1Freq
                0x0000000008004154       0x28 ./Drivers/STM32G0xx_HAL_Driver/Src/stm32g0xx_hal_rcc.o
                0x0000000008004154                HAL_RCC_GetPCLK1Freq
 .text.HAL_RCC_GetClockConfig
                0x000000000800417c       0x34 ./Drivers/STM32G0xx_HAL_Driver/Src/stm32g0xx_hal_rcc.o
                0x000000000800417c                HAL_RCC_GetClockConfig
 .text.HAL_RCCEx_PeriphCLKConfig
                0x00000000080041b0      0x2a4 ./Drivers/STM32G0xx_HAL_Driver/Src/stm32g0xx_hal_rcc_ex.o
                0x00000000080041b0                HAL_RCCEx_PeriphCLKConfig
 .text.SPI_WaitFifoStateUntilTimeout.constprop.0
                0x0000000008004454       0xd8 ./Drivers/STM32G0xx_HAL_Driver/Src/stm32g0xx_hal_spi.o
 .text.SPI_WaitFlagStateUntilTimeout.constprop.0
                0x000000000800452c       0xb8 ./Drivers/STM32G0xx_HAL_Driver/Src/stm32g0xx_hal_spi.o
 .text.SPI_EndRxTxTransaction
                0x00000000080045e4       0x46 ./Drivers/STM32G0xx_HAL_Driver/Src/stm32g0xx_hal_spi.o
 *fill*         0x000000000800462a        0x2 
 .text.HAL_SPI_Init
                0x000000000800462c       0xf0 ./Drivers/STM32G0xx_HAL_Driver/Src/stm32g0xx_hal_spi.o
                0x000000000800462c                HAL_SPI_Init
 .text.HAL_SPI_Transmit
                0x000000000800471c      0x18a ./Drivers/STM32G0xx_HAL_Driver/Src/stm32g0xx_hal_spi.o
                0x000000000800471c                HAL_SPI_Transmit
 *fill*         0x00000000080048a6        0x2 
 .text.TIM_OC1_SetConfig
                0x00000000080048a8       0x8c ./Drivers/STM32G0xx_HAL_Driver/Src/stm32g0xx_hal_tim.o
 .text.TIM_OC3_SetConfig
                0x0000000008004934       0x8c ./Drivers/STM32G0xx_HAL_Driver/Src/stm32g0xx_hal_tim.o
 .text.TIM_OC4_SetConfig
                0x00000000080049c0       0x74 ./Drivers/STM32G0xx_HAL_Driver/Src/stm32g0xx_hal_tim.o
 .text.TIM_OC5_SetConfig
                0x0000000008004a34       0x6c ./Drivers/STM32G0xx_HAL_Driver/Src/stm32g0xx_hal_tim.o
 .text.TIM_OC6_SetConfig
                0x0000000008004aa0       0x74 ./Drivers/STM32G0xx_HAL_Driver/Src/stm32g0xx_hal_tim.o
 .text.HAL_TIM_Base_MspInit
                0x0000000008004b14        0x2 ./Drivers/STM32G0xx_HAL_Driver/Src/stm32g0xx_hal_tim.o
                0x0000000008004b14                HAL_TIM_Base_MspInit
 *fill*         0x0000000008004b16        0x2 
 .text.HAL_TIM_Base_Start_IT
                0x0000000008004b18       0x74 ./Drivers/STM32G0xx_HAL_Driver/Src/stm32g0xx_hal_tim.o
                0x0000000008004b18                HAL_TIM_Base_Start_IT
 .text.HAL_TIM_OC_DelayElapsedCallback
                0x0000000008004b8c        0x2 ./Drivers/STM32G0xx_HAL_Driver/Src/stm32g0xx_hal_tim.o
                0x0000000008004b8c                HAL_TIM_OC_DelayElapsedCallback
 .text.HAL_TIM_IC_CaptureCallback
                0x0000000008004b8e        0x2 ./Drivers/STM32G0xx_HAL_Driver/Src/stm32g0xx_hal_tim.o
                0x0000000008004b8e                HAL_TIM_IC_CaptureCallback
 .text.TIM_DMADelayPulseCplt
                0x0000000008004b90       0x70 ./Drivers/STM32G0xx_HAL_Driver/Src/stm32g0xx_hal_tim.o
 .text.HAL_TIM_PWM_PulseFinishedHalfCpltCallback
                0x0000000008004c00        0x2 ./Drivers/STM32G0xx_HAL_Driver/Src/stm32g0xx_hal_tim.o
                0x0000000008004c00                HAL_TIM_PWM_PulseFinishedHalfCpltCallback
 .text.TIM_DMADelayPulseHalfCplt
                0x0000000008004c02       0x38 ./Drivers/STM32G0xx_HAL_Driver/Src/stm32g0xx_hal_tim.o
                0x0000000008004c02                TIM_DMADelayPulseHalfCplt
 .text.HAL_TIM_TriggerCallback
                0x0000000008004c3a        0x2 ./Drivers/STM32G0xx_HAL_Driver/Src/stm32g0xx_hal_tim.o
                0x0000000008004c3a                HAL_TIM_TriggerCallback
 .text.HAL_TIM_IRQHandler
                0x0000000008004c3c      0x158 ./Drivers/STM32G0xx_HAL_Driver/Src/stm32g0xx_hal_tim.o
                0x0000000008004c3c                HAL_TIM_IRQHandler
 .text.HAL_TIM_ErrorCallback
                0x0000000008004d94        0x2 ./Drivers/STM32G0xx_HAL_Driver/Src/stm32g0xx_hal_tim.o
                0x0000000008004d94                HAL_TIM_ErrorCallback
 .text.TIM_DMAError
                0x0000000008004d96       0x5c ./Drivers/STM32G0xx_HAL_Driver/Src/stm32g0xx_hal_tim.o
                0x0000000008004d96                TIM_DMAError
 *fill*         0x0000000008004df2        0x2 
 .text.TIM_Base_SetConfig
                0x0000000008004df4       0xbc ./Drivers/STM32G0xx_HAL_Driver/Src/stm32g0xx_hal_tim.o
                0x0000000008004df4                TIM_Base_SetConfig
 .text.HAL_TIM_Base_Init
                0x0000000008004eb0       0x54 ./Drivers/STM32G0xx_HAL_Driver/Src/stm32g0xx_hal_tim.o
                0x0000000008004eb0                HAL_TIM_Base_Init
 .text.HAL_TIM_PWM_Init
                0x0000000008004f04       0x54 ./Drivers/STM32G0xx_HAL_Driver/Src/stm32g0xx_hal_tim.o
                0x0000000008004f04                HAL_TIM_PWM_Init
 .text.TIM_OC2_SetConfig
                0x0000000008004f58       0x80 ./Drivers/STM32G0xx_HAL_Driver/Src/stm32g0xx_hal_tim.o
                0x0000000008004f58                TIM_OC2_SetConfig
 .text.HAL_TIM_PWM_ConfigChannel
                0x0000000008004fd8      0x110 ./Drivers/STM32G0xx_HAL_Driver/Src/stm32g0xx_hal_tim.o
                0x0000000008004fd8                HAL_TIM_PWM_ConfigChannel
 .text.TIM_CCxChannelCmd
                0x00000000080050e8       0x1a ./Drivers/STM32G0xx_HAL_Driver/Src/stm32g0xx_hal_tim.o
                0x00000000080050e8                TIM_CCxChannelCmd
 *fill*         0x0000000008005102        0x2 
 .text.HAL_TIM_OC_Start_DMA
                0x0000000008005104      0x234 ./Drivers/STM32G0xx_HAL_Driver/Src/stm32g0xx_hal_tim.o
                0x0000000008005104                HAL_TIM_OC_Start_DMA
 .text.HAL_TIM_PWM_Start_DMA
                0x0000000008005338        0x8 ./Drivers/STM32G0xx_HAL_Driver/Src/stm32g0xx_hal_tim.o
                0x0000000008005338                HAL_TIM_PWM_Start_DMA
 .text.HAL_TIM_OC_Stop_DMA
                0x0000000008005340       0xf8 ./Drivers/STM32G0xx_HAL_Driver/Src/stm32g0xx_hal_tim.o
                0x0000000008005340                HAL_TIM_OC_Stop_DMA
 .text.HAL_TIM_PWM_Stop_DMA
                0x0000000008005438        0x8 ./Drivers/STM32G0xx_HAL_Driver/Src/stm32g0xx_hal_tim.o
                0x0000000008005438                HAL_TIM_PWM_Stop_DMA
 .text.HAL_TIMEx_MasterConfigSynchronization
                0x0000000008005440       0x7c ./Drivers/STM32G0xx_HAL_Driver/Src/stm32g0xx_hal_tim_ex.o
                0x0000000008005440                HAL_TIMEx_MasterConfigSynchronization
 .text.HAL_TIMEx_CommutCallback
                0x00000000080054bc        0x2 ./Drivers/STM32G0xx_HAL_Driver/Src/stm32g0xx_hal_tim_ex.o
                0x00000000080054bc                HAL_TIMEx_CommutCallback
 .text.HAL_TIMEx_BreakCallback
                0x00000000080054be        0x2 ./Drivers/STM32G0xx_HAL_Driver/Src/stm32g0xx_hal_tim_ex.o
                0x00000000080054be                HAL_TIMEx_BreakCallback
 .text.HAL_TIMEx_Break2Callback
                0x00000000080054c0        0x2 ./Drivers/STM32G0xx_HAL_Driver/Src/stm32g0xx_hal_tim_ex.o
                0x00000000080054c0                HAL_TIMEx_Break2Callback
 *fill*         0x00000000080054c2        0x2 
 .text.USB_EnableGlobalInt
                0x00000000080054c4       0x10 ./Drivers/STM32G0xx_HAL_Driver/Src/stm32g0xx_ll_usb.o
                0x00000000080054c4                USB_EnableGlobalInt
 .text.USB_DisableGlobalInt
                0x00000000080054d4       0x10 ./Drivers/STM32G0xx_HAL_Driver/Src/stm32g0xx_ll_usb.o
                0x00000000080054d4                USB_DisableGlobalInt
 .text.USB_DevInit
                0x00000000080054e4       0x2a ./Drivers/STM32G0xx_HAL_Driver/Src/stm32g0xx_ll_usb.o
                0x00000000080054e4                USB_DevInit
 .text.USB_FlushTxFifo
                0x000000000800550e        0x4 ./Drivers/STM32G0xx_HAL_Driver/Src/stm32g0xx_ll_usb.o
                0x000000000800550e                USB_FlushTxFifo
 .text.USB_FlushRxFifo
                0x0000000008005512        0x4 ./Drivers/STM32G0xx_HAL_Driver/Src/stm32g0xx_ll_usb.o
                0x0000000008005512                USB_FlushRxFifo
 *fill*         0x0000000008005516        0x2 
 .text.USB_ActivateEndpoint
                0x0000000008005518      0x20c ./Drivers/STM32G0xx_HAL_Driver/Src/stm32g0xx_ll_usb.o
                0x0000000008005518                USB_ActivateEndpoint
 .text.USB_DeactivateEndpoint
                0x0000000008005724       0xe0 ./Drivers/STM32G0xx_HAL_Driver/Src/stm32g0xx_ll_usb.o
                0x0000000008005724                USB_DeactivateEndpoint
 .text.USB_EPSetStall
                0x0000000008005804       0x3c ./Drivers/STM32G0xx_HAL_Driver/Src/stm32g0xx_ll_usb.o
                0x0000000008005804                USB_EPSetStall
 .text.USB_EPClearStall
                0x0000000008005840       0x74 ./Drivers/STM32G0xx_HAL_Driver/Src/stm32g0xx_ll_usb.o
                0x0000000008005840                USB_EPClearStall
 .text.USB_EPStopXfer
                0x00000000080058b4       0x64 ./Drivers/STM32G0xx_HAL_Driver/Src/stm32g0xx_ll_usb.o
                0x00000000080058b4                USB_EPStopXfer
 .text.USB_SetDevAddress
                0x0000000008005918        0xc ./Drivers/STM32G0xx_HAL_Driver/Src/stm32g0xx_ll_usb.o
                0x0000000008005918                USB_SetDevAddress
 .text.USB_DevConnect
                0x0000000008005924        0xe ./Drivers/STM32G0xx_HAL_Driver/Src/stm32g0xx_ll_usb.o
                0x0000000008005924                USB_DevConnect
 *fill*         0x0000000008005932        0x2 
 .text.USB_DevDisconnect
                0x0000000008005934       0x10 ./Drivers/STM32G0xx_HAL_Driver/Src/stm32g0xx_ll_usb.o
                0x0000000008005934                USB_DevDisconnect
 .text.USB_ReadInterrupts
                0x0000000008005944        0x4 ./Drivers/STM32G0xx_HAL_Driver/Src/stm32g0xx_ll_usb.o
                0x0000000008005944                USB_ReadInterrupts
 .text.USB_WritePMA
                0x0000000008005948       0x68 ./Drivers/STM32G0xx_HAL_Driver/Src/stm32g0xx_ll_usb.o
                0x0000000008005948                USB_WritePMA
 .text.USB_EPStartXfer
                0x00000000080059b0      0x3f4 ./Drivers/STM32G0xx_HAL_Driver/Src/stm32g0xx_ll_usb.o
                0x00000000080059b0                USB_EPStartXfer
 .text.USB_ReadPMA
                0x0000000008005da4       0x5c ./Drivers/STM32G0xx_HAL_Driver/Src/stm32g0xx_ll_usb.o
                0x0000000008005da4                USB_ReadPMA
 .text._tx_byte_allocate
                0x0000000008005e00       0xbc ./Middlewares/ST/threadx/common/src/tx_byte_allocate.o
                0x0000000008005e00                _tx_byte_allocate
 .text._tx_byte_pool_cleanup
                0x0000000008005ebc       0x84 ./Middlewares/ST/threadx/common/src/tx_byte_pool_cleanup.o
                0x0000000008005ebc                _tx_byte_pool_cleanup
 .text._tx_byte_pool_create
                0x0000000008005f40       0x84 ./Middlewares/ST/threadx/common/src/tx_byte_pool_create.o
                0x0000000008005f40                _tx_byte_pool_create
 .text._tx_byte_pool_search
                0x0000000008005fc4       0xe4 ./Middlewares/ST/threadx/common/src/tx_byte_pool_search.o
                0x0000000008005fc4                _tx_byte_pool_search
 .text._tx_event_flags_cleanup
                0x00000000080060a8       0x8c ./Middlewares/ST/threadx/common/src/tx_event_flags_cleanup.o
                0x00000000080060a8                _tx_event_flags_cleanup
 .text._tx_event_flags_create
                0x0000000008006134       0x50 ./Middlewares/ST/threadx/common/src/tx_event_flags_create.o
                0x0000000008006134                _tx_event_flags_create
 .text._tx_event_flags_get
                0x0000000008006184       0xd4 ./Middlewares/ST/threadx/common/src/tx_event_flags_get.o
                0x0000000008006184                _tx_event_flags_get
 .text._tx_event_flags_set
                0x0000000008006258      0x1d8 ./Middlewares/ST/threadx/common/src/tx_event_flags_set.o
                0x0000000008006258                _tx_event_flags_set
 .text._tx_initialize_high_level
                0x0000000008006430       0x70 ./Middlewares/ST/threadx/common/src/tx_initialize_high_level.o
                0x0000000008006430                _tx_initialize_high_level
 .text._tx_initialize_kernel_enter
                0x00000000080064a0       0x48 ./Middlewares/ST/threadx/common/src/tx_initialize_kernel_enter.o
                0x00000000080064a0                _tx_initialize_kernel_enter
 .text._tx_mutex_cleanup
                0x00000000080064e8       0x84 ./Middlewares/ST/threadx/common/src/tx_mutex_cleanup.o
                0x00000000080064e8                _tx_mutex_cleanup
 .text._tx_mutex_thread_release
                0x000000000800656c       0x44 ./Middlewares/ST/threadx/common/src/tx_mutex_cleanup.o
                0x000000000800656c                _tx_mutex_thread_release
 .text._tx_mutex_create
                0x00000000080065b0       0x64 ./Middlewares/ST/threadx/common/src/tx_mutex_create.o
                0x00000000080065b0                _tx_mutex_create
 .text._tx_mutex_delete
                0x0000000008006614       0xac ./Middlewares/ST/threadx/common/src/tx_mutex_delete.o
                0x0000000008006614                _tx_mutex_delete
 .text._tx_mutex_get
                0x00000000080066c0      0x104 ./Middlewares/ST/threadx/common/src/tx_mutex_get.o
                0x00000000080066c0                _tx_mutex_get
 .text._tx_mutex_prioritize
                0x00000000080067c4       0x98 ./Middlewares/ST/threadx/common/src/tx_mutex_prioritize.o
                0x00000000080067c4                _tx_mutex_prioritize
 .text._tx_mutex_priority_change
                0x000000000800685c       0xb8 ./Middlewares/ST/threadx/common/src/tx_mutex_priority_change.o
                0x000000000800685c                _tx_mutex_priority_change
 .text._tx_mutex_put
                0x0000000008006914      0x1ec ./Middlewares/ST/threadx/common/src/tx_mutex_put.o
                0x0000000008006914                _tx_mutex_put
 .text._tx_queue_cleanup
                0x0000000008006b00       0x88 ./Middlewares/ST/threadx/common/src/tx_queue_cleanup.o
                0x0000000008006b00                _tx_queue_cleanup
 .text._tx_queue_create
                0x0000000008006b88       0x70 ./Middlewares/ST/threadx/common/src/tx_queue_create.o
                0x0000000008006b88                _tx_queue_create
 .text._tx_queue_receive
                0x0000000008006bf8      0x1f4 ./Middlewares/ST/threadx/common/src/tx_queue_receive.o
                0x0000000008006bf8                _tx_queue_receive
 .text._tx_queue_send
                0x0000000008006dec      0x130 ./Middlewares/ST/threadx/common/src/tx_queue_send.o
                0x0000000008006dec                _tx_queue_send
 .text._tx_semaphore_cleanup
                0x0000000008006f1c       0x84 ./Middlewares/ST/threadx/common/src/tx_semaphore_cleanup.o
                0x0000000008006f1c                _tx_semaphore_cleanup
 .text._tx_semaphore_create
                0x0000000008006fa0       0x54 ./Middlewares/ST/threadx/common/src/tx_semaphore_create.o
                0x0000000008006fa0                _tx_semaphore_create
 .text._tx_semaphore_delete
                0x0000000008006ff4       0x94 ./Middlewares/ST/threadx/common/src/tx_semaphore_delete.o
                0x0000000008006ff4                _tx_semaphore_delete
 .text._tx_semaphore_get
                0x0000000008007088       0x8c ./Middlewares/ST/threadx/common/src/tx_semaphore_get.o
                0x0000000008007088                _tx_semaphore_get
 .text._tx_semaphore_put
                0x0000000008007114       0x58 ./Middlewares/ST/threadx/common/src/tx_semaphore_put.o
                0x0000000008007114                _tx_semaphore_put
 .text._tx_thread_create
                0x000000000800716c      0x134 ./Middlewares/ST/threadx/common/src/tx_thread_create.o
                0x000000000800716c                _tx_thread_create
 .text._tx_thread_identify
                0x00000000080072a0       0x14 ./Middlewares/ST/threadx/common/src/tx_thread_identify.o
                0x00000000080072a0                _tx_thread_identify
 .text._tx_thread_info_get
                0x00000000080072b4       0x6c ./Middlewares/ST/threadx/common/src/tx_thread_info_get.o
                0x00000000080072b4                _tx_thread_info_get
 .text._tx_thread_initialize
                0x0000000008007320       0x68 ./Middlewares/ST/threadx/common/src/tx_thread_initialize.o
                0x0000000008007320                _tx_thread_initialize
 .text._tx_thread_shell_entry
                0x0000000008007388       0x48 ./Middlewares/ST/threadx/common/src/tx_thread_shell_entry.o
                0x0000000008007388                _tx_thread_shell_entry
 .text._tx_thread_sleep
                0x00000000080073d0       0x70 ./Middlewares/ST/threadx/common/src/tx_thread_sleep.o
                0x00000000080073d0                _tx_thread_sleep
 .text._tx_thread_system_preempt_check
                0x0000000008007440       0x40 ./Middlewares/ST/threadx/common/src/tx_thread_system_preempt_check.o
                0x0000000008007440                _tx_thread_system_preempt_check
 .text._tx_thread_system_resume
                0x0000000008007480       0xe8 ./Middlewares/ST/threadx/common/src/tx_thread_system_resume.o
                0x0000000008007480                _tx_thread_system_resume
 .text._tx_thread_system_suspend
                0x0000000008007568      0x154 ./Middlewares/ST/threadx/common/src/tx_thread_system_suspend.o
                0x0000000008007568                _tx_thread_system_suspend
 .text._tx_thread_time_slice
                0x00000000080076bc       0x60 ./Middlewares/ST/threadx/common/src/tx_thread_time_slice.o
                0x00000000080076bc                _tx_thread_time_slice
 .text._tx_thread_timeout
                0x000000000800771c       0x38 ./Middlewares/ST/threadx/common/src/tx_thread_timeout.o
                0x000000000800771c                _tx_thread_timeout
 .text._tx_timer_expiration_process
                0x0000000008007754       0x24 ./Middlewares/ST/threadx/common/src/tx_timer_expiration_process.o
                0x0000000008007754                _tx_timer_expiration_process
 .text._tx_timer_initialize
                0x0000000008007778       0xc8 ./Middlewares/ST/threadx/common/src/tx_timer_initialize.o
                0x0000000008007778                _tx_timer_initialize
 .text._tx_timer_system_activate
                0x0000000008007840       0x54 ./Middlewares/ST/threadx/common/src/tx_timer_system_activate.o
                0x0000000008007840                _tx_timer_system_activate
 .text._tx_timer_system_deactivate
                0x0000000008007894       0x2c ./Middlewares/ST/threadx/common/src/tx_timer_system_deactivate.o
                0x0000000008007894                _tx_timer_system_deactivate
 .text._tx_timer_thread_entry
                0x00000000080078c0      0x110 ./Middlewares/ST/threadx/common/src/tx_timer_thread_entry.o
                0x00000000080078c0                _tx_timer_thread_entry
 .text._txe_byte_allocate
                0x00000000080079d0       0x7c ./Middlewares/ST/threadx/common/src/txe_byte_allocate.o
                0x00000000080079d0                _txe_byte_allocate
 .text._txe_byte_pool_create
                0x0000000008007a4c       0xc0 ./Middlewares/ST/threadx/common/src/txe_byte_pool_create.o
                0x0000000008007a4c                _txe_byte_pool_create
 .text._txe_event_flags_create
                0x0000000008007b0c       0xac ./Middlewares/ST/threadx/common/src/txe_event_flags_create.o
                0x0000000008007b0c                _txe_event_flags_create
 .text._txe_event_flags_get
                0x0000000008007bb8       0x58 ./Middlewares/ST/threadx/common/src/txe_event_flags_get.o
                0x0000000008007bb8                _txe_event_flags_get
 .text._txe_event_flags_set
                0x0000000008007c10       0x2c ./Middlewares/ST/threadx/common/src/txe_event_flags_set.o
                0x0000000008007c10                _txe_event_flags_set
 .text._txe_mutex_create
                0x0000000008007c3c       0xb4 ./Middlewares/ST/threadx/common/src/txe_mutex_create.o
                0x0000000008007c3c                _txe_mutex_create
 .text._txe_mutex_delete
                0x0000000008007cf0       0x44 ./Middlewares/ST/threadx/common/src/txe_mutex_delete.o
                0x0000000008007cf0                _txe_mutex_delete
 .text._txe_mutex_get
                0x0000000008007d34       0x68 ./Middlewares/ST/threadx/common/src/txe_mutex_get.o
                0x0000000008007d34                _txe_mutex_get
 .text._txe_mutex_put
                0x0000000008007d9c       0x44 ./Middlewares/ST/threadx/common/src/txe_mutex_put.o
                0x0000000008007d9c                _txe_mutex_put
 .text._txe_queue_create
                0x0000000008007de0       0xd4 ./Middlewares/ST/threadx/common/src/txe_queue_create.o
                0x0000000008007de0                _txe_queue_create
 .text._txe_queue_receive
                0x0000000008007eb4       0x50 ./Middlewares/ST/threadx/common/src/txe_queue_receive.o
                0x0000000008007eb4                _txe_queue_receive
 .text._txe_queue_send
                0x0000000008007f04       0x50 ./Middlewares/ST/threadx/common/src/txe_queue_send.o
                0x0000000008007f04                _txe_queue_send
 .text._txe_semaphore_create
                0x0000000008007f54       0xa4 ./Middlewares/ST/threadx/common/src/txe_semaphore_create.o
                0x0000000008007f54                _txe_semaphore_create
 .text._txe_semaphore_delete
                0x0000000008007ff8       0x44 ./Middlewares/ST/threadx/common/src/txe_semaphore_delete.o
                0x0000000008007ff8                _txe_semaphore_delete
 .text._txe_semaphore_get
                0x000000000800803c       0x4c ./Middlewares/ST/threadx/common/src/txe_semaphore_get.o
                0x000000000800803c                _txe_semaphore_get
 .text._txe_semaphore_put
                0x0000000008008088       0x20 ./Middlewares/ST/threadx/common/src/txe_semaphore_put.o
                0x0000000008008088                _txe_semaphore_put
 .text._txe_thread_create
                0x00000000080080a8      0x12c ./Middlewares/ST/threadx/common/src/txe_thread_create.o
                0x00000000080080a8                _txe_thread_create
 .text._txe_thread_info_get
                0x00000000080081d4       0x38 ./Middlewares/ST/threadx/common/src/txe_thread_info_get.o
                0x00000000080081d4                _txe_thread_info_get
 .text._ux_device_stack_alternate_setting_get
                0x000000000800820c       0x48 ./Middlewares/ST/usbx/common/core/src/ux_device_stack_alternate_setting_get.o
                0x000000000800820c                _ux_device_stack_alternate_setting_get
 .text._ux_device_stack_alternate_setting_set
                0x0000000008008254      0x1f0 ./Middlewares/ST/usbx/common/core/src/ux_device_stack_alternate_setting_set.o
                0x0000000008008254                _ux_device_stack_alternate_setting_set
 .text._ux_device_stack_class_register
                0x0000000008008444       0x68 ./Middlewares/ST/usbx/common/core/src/ux_device_stack_class_register.o
                0x0000000008008444                _ux_device_stack_class_register
 .text._ux_device_stack_clear_feature
                0x00000000080084ac       0x70 ./Middlewares/ST/usbx/common/core/src/ux_device_stack_clear_feature.o
                0x00000000080084ac                _ux_device_stack_clear_feature
 .text._ux_device_stack_configuration_get
                0x000000000800851c       0x24 ./Middlewares/ST/usbx/common/core/src/ux_device_stack_configuration_get.o
                0x000000000800851c                _ux_device_stack_configuration_get
 .text._ux_device_stack_configuration_set
                0x0000000008008540      0x1c8 ./Middlewares/ST/usbx/common/core/src/ux_device_stack_configuration_set.o
                0x0000000008008540                _ux_device_stack_configuration_set
 .text._ux_device_stack_control_request_process
                0x0000000008008708      0x1b4 ./Middlewares/ST/usbx/common/core/src/ux_device_stack_control_request_process.o
                0x0000000008008708                _ux_device_stack_control_request_process
 .text._ux_device_stack_descriptor_send
                0x00000000080088bc      0x1e4 ./Middlewares/ST/usbx/common/core/src/ux_device_stack_descriptor_send.o
                0x00000000080088bc                _ux_device_stack_descriptor_send
 .text._ux_device_stack_disconnect
                0x0000000008008aa0       0x78 ./Middlewares/ST/usbx/common/core/src/ux_device_stack_disconnect.o
                0x0000000008008aa0                _ux_device_stack_disconnect
 .text._ux_device_stack_endpoint_stall
                0x0000000008008b18       0x3c ./Middlewares/ST/usbx/common/core/src/ux_device_stack_endpoint_stall.o
                0x0000000008008b18                _ux_device_stack_endpoint_stall
 .text._ux_device_stack_get_status
                0x0000000008008b54       0x98 ./Middlewares/ST/usbx/common/core/src/ux_device_stack_get_status.o
                0x0000000008008b54                _ux_device_stack_get_status
 .text._ux_device_stack_initialize
                0x0000000008008bec      0x1c4 ./Middlewares/ST/usbx/common/core/src/ux_device_stack_initialize.o
                0x0000000008008bec                _ux_device_stack_initialize
 .text._ux_device_stack_interface_delete
                0x0000000008008db0       0x48 ./Middlewares/ST/usbx/common/core/src/ux_device_stack_interface_delete.o
                0x0000000008008db0                _ux_device_stack_interface_delete
 .text._ux_device_stack_interface_set
                0x0000000008008df8      0x120 ./Middlewares/ST/usbx/common/core/src/ux_device_stack_interface_set.o
                0x0000000008008df8                _ux_device_stack_interface_set
 .text._ux_device_stack_interface_start
                0x0000000008008f18       0x60 ./Middlewares/ST/usbx/common/core/src/ux_device_stack_interface_start.o
                0x0000000008008f18                _ux_device_stack_interface_start
 .text._ux_device_stack_set_feature
                0x0000000008008f78       0x64 ./Middlewares/ST/usbx/common/core/src/ux_device_stack_set_feature.o
                0x0000000008008f78                _ux_device_stack_set_feature
 .text._ux_device_stack_transfer_abort
                0x0000000008008fdc       0x3c ./Middlewares/ST/usbx/common/core/src/ux_device_stack_transfer_abort.o
                0x0000000008008fdc                _ux_device_stack_transfer_abort
 .text._ux_device_stack_transfer_all_request_abort
                0x0000000008009018        0xc ./Middlewares/ST/usbx/common/core/src/ux_device_stack_transfer_all_request_abort.o
                0x0000000008009018                _ux_device_stack_transfer_all_request_abort
 .text._ux_device_stack_transfer_request
                0x0000000008009024       0xa0 ./Middlewares/ST/usbx/common/core/src/ux_device_stack_transfer_request.o
                0x0000000008009024                _ux_device_stack_transfer_request
 .text._ux_system_error_handler
                0x00000000080090c4       0x1c ./Middlewares/ST/usbx/common/core/src/ux_system_error_handler.o
                0x00000000080090c4                _ux_system_error_handler
 .text._ux_system_initialize
                0x00000000080090e0       0x98 ./Middlewares/ST/usbx/common/core/src/ux_system_initialize.o
                0x00000000080090e0                _ux_system_initialize
 .text._ux_utility_delay_ms
                0x0000000008009178       0x16 ./Middlewares/ST/usbx/common/core/src/ux_utility_delay_ms.o
                0x0000000008009178                _ux_utility_delay_ms
 .text._ux_utility_descriptor_parse
                0x000000000800918e       0x38 ./Middlewares/ST/usbx/common/core/src/ux_utility_descriptor_parse.o
                0x000000000800918e                _ux_utility_descriptor_parse
 .text._ux_utility_long_get
                0x00000000080091c6       0x16 ./Middlewares/ST/usbx/common/core/src/ux_utility_long_get.o
                0x00000000080091c6                _ux_utility_long_get
 .text._ux_utility_long_put
                0x00000000080091dc       0x10 ./Middlewares/ST/usbx/common/core/src/ux_utility_long_put.o
                0x00000000080091dc                _ux_utility_long_put
 .text._ux_utility_memory_allocate
                0x00000000080091ec      0x108 ./Middlewares/ST/usbx/common/core/src/ux_utility_memory_allocate.o
                0x00000000080091ec                _ux_utility_memory_allocate
 .text._ux_utility_memory_allocate_mulc_safe
                0x00000000080092f4       0x3e ./Middlewares/ST/usbx/common/core/src/ux_utility_memory_allocate_mulc_safe.o
                0x00000000080092f4                _ux_utility_memory_allocate_mulc_safe
 .text._ux_utility_memory_copy
                0x0000000008009332       0x12 ./Middlewares/ST/usbx/common/core/src/ux_utility_memory_copy.o
                0x0000000008009332                _ux_utility_memory_copy
 .text._ux_utility_memory_free
                0x0000000008009344       0x9c ./Middlewares/ST/usbx/common/core/src/ux_utility_memory_free.o
                0x0000000008009344                _ux_utility_memory_free
 .text._ux_utility_memory_free_block_best_get
                0x00000000080093e0       0x44 ./Middlewares/ST/usbx/common/core/src/ux_utility_memory_free_block_best_get.o
                0x00000000080093e0                _ux_utility_memory_free_block_best_get
 .text._ux_utility_memory_set
                0x0000000008009424        0x8 ./Middlewares/ST/usbx/common/core/src/ux_utility_memory_set.o
                0x0000000008009424                _ux_utility_memory_set
 .text._ux_utility_mutex_create
                0x000000000800942c       0x1c ./Middlewares/ST/usbx/common/core/src/ux_utility_mutex_create.o
                0x000000000800942c                _ux_utility_mutex_create
 .text._ux_utility_mutex_delete
                0x0000000008009448        0x8 ./Middlewares/ST/usbx/common/core/src/ux_utility_mutex_delete.o
                0x0000000008009448                _ux_utility_mutex_delete
 .text._ux_utility_mutex_off
                0x0000000008009450        0x8 ./Middlewares/ST/usbx/common/core/src/ux_utility_mutex_off.o
                0x0000000008009450                _ux_utility_mutex_off
 .text._ux_utility_mutex_on
                0x0000000008009458       0x18 ./Middlewares/ST/usbx/common/core/src/ux_utility_mutex_on.o
                0x0000000008009458                _ux_utility_mutex_on
 .text._ux_utility_semaphore_create
                0x0000000008009470       0x1a ./Middlewares/ST/usbx/common/core/src/ux_utility_semaphore_create.o
                0x0000000008009470                _ux_utility_semaphore_create
 .text._ux_utility_semaphore_delete
                0x000000000800948a        0x8 ./Middlewares/ST/usbx/common/core/src/ux_utility_semaphore_delete.o
                0x000000000800948a                _ux_utility_semaphore_delete
 *fill*         0x0000000008009492        0x2 
 .text._ux_utility_semaphore_get
                0x0000000008009494       0x48 ./Middlewares/ST/usbx/common/core/src/ux_utility_semaphore_get.o
                0x0000000008009494                _ux_utility_semaphore_get
 .text._ux_utility_semaphore_put
                0x00000000080094dc        0x8 ./Middlewares/ST/usbx/common/core/src/ux_utility_semaphore_put.o
                0x00000000080094dc                _ux_utility_semaphore_put
 .text._ux_utility_short_get
                0x00000000080094e4        0xa ./Middlewares/ST/usbx/common/core/src/ux_utility_short_get.o
                0x00000000080094e4                _ux_utility_short_get
 .text._ux_utility_string_length_check
                0x00000000080094ee       0x30 ./Middlewares/ST/usbx/common/core/src/ux_utility_string_length_check.o
                0x00000000080094ee                _ux_utility_string_length_check
 .text._ux_device_class_cdc_acm_activate
                0x000000000800951e       0x1a ./Middlewares/ST/usbx/common/usbx_device_classes/src/ux_device_class_cdc_acm_activate.o
                0x000000000800951e                _ux_device_class_cdc_acm_activate
 .text._ux_device_class_cdc_acm_control_request
                0x0000000008009538       0xbc ./Middlewares/ST/usbx/common/usbx_device_classes/src/ux_device_class_cdc_acm_control_request.o
                0x0000000008009538                _ux_device_class_cdc_acm_control_request
 .text._ux_device_class_cdc_acm_deactivate
                0x00000000080095f4       0x48 ./Middlewares/ST/usbx/common/usbx_device_classes/src/ux_device_class_cdc_acm_deactivate.o
                0x00000000080095f4                _ux_device_class_cdc_acm_deactivate
 .text._ux_device_class_cdc_acm_entry
                0x000000000800963c       0x50 ./Middlewares/ST/usbx/common/usbx_device_classes/src/ux_device_class_cdc_acm_entry.o
                0x000000000800963c                _ux_device_class_cdc_acm_entry
 .text._ux_device_class_cdc_acm_initialize
                0x000000000800968c       0x78 ./Middlewares/ST/usbx/common/usbx_device_classes/src/ux_device_class_cdc_acm_initialize.o
                0x000000000800968c                _ux_device_class_cdc_acm_initialize
 .text._ux_device_class_cdc_acm_ioctl
                0x0000000008009704       0xde ./Middlewares/ST/usbx/common/usbx_device_classes/src/ux_device_class_cdc_acm_ioctl.o
                0x0000000008009704                _ux_device_class_cdc_acm_ioctl
 *fill*         0x00000000080097e2        0x2 
 .text._ux_device_class_cdc_acm_read
                0x00000000080097e4       0xbc ./Middlewares/ST/usbx/common/usbx_device_classes/src/ux_device_class_cdc_acm_read.o
                0x00000000080097e4                _ux_device_class_cdc_acm_read
 .text._ux_device_class_cdc_acm_uninitialize
                0x00000000080098a0       0x24 ./Middlewares/ST/usbx/common/usbx_device_classes/src/ux_device_class_cdc_acm_unitialize.o
                0x00000000080098a0                _ux_device_class_cdc_acm_uninitialize
 .text._ux_device_class_cdc_acm_write
                0x00000000080098c4       0xcc ./Middlewares/ST/usbx/common/usbx_device_classes/src/ux_device_class_cdc_acm_write.o
                0x00000000080098c4                _ux_device_class_cdc_acm_write
 .text.HAL_PCD_SetupStageCallback
                0x0000000008009990       0xbc ./Middlewares/ST/usbx/common/usbx_stm32_device_controllers/ux_dcd_stm32_callback.o
                0x0000000008009990                HAL_PCD_SetupStageCallback
 .text.HAL_PCD_DataInStageCallback
                0x0000000008009a4c       0xbc ./Middlewares/ST/usbx/common/usbx_stm32_device_controllers/ux_dcd_stm32_callback.o
                0x0000000008009a4c                HAL_PCD_DataInStageCallback
 .text.HAL_PCD_DataOutStageCallback
                0x0000000008009b08       0xb0 ./Middlewares/ST/usbx/common/usbx_stm32_device_controllers/ux_dcd_stm32_callback.o
                0x0000000008009b08                HAL_PCD_DataOutStageCallback
 .text.HAL_PCD_ResetCallback
                0x0000000008009bb8       0x28 ./Middlewares/ST/usbx/common/usbx_stm32_device_controllers/ux_dcd_stm32_callback.o
                0x0000000008009bb8                HAL_PCD_ResetCallback
 .text._ux_dcd_stm32_endpoint_create
                0x0000000008009be0       0x76 ./Middlewares/ST/usbx/common/usbx_stm32_device_controllers/ux_dcd_stm32_endpoint_create.o
                0x0000000008009be0                _ux_dcd_stm32_endpoint_create
 .text._ux_dcd_stm32_endpoint_destroy
                0x0000000008009c56       0x18 ./Middlewares/ST/usbx/common/usbx_stm32_device_controllers/ux_dcd_stm32_endpoint_destroy.o
                0x0000000008009c56                _ux_dcd_stm32_endpoint_destroy
 *fill*         0x0000000008009c6e        0x2 
 .text._ux_dcd_stm32_endpoint_reset
                0x0000000008009c70       0x4c ./Middlewares/ST/usbx/common/usbx_stm32_device_controllers/ux_dcd_stm32_endpoint_reset.o
                0x0000000008009c70                _ux_dcd_stm32_endpoint_reset
 .text._ux_dcd_stm32_endpoint_stall
                0x0000000008009cbc       0x20 ./Middlewares/ST/usbx/common/usbx_stm32_device_controllers/ux_dcd_stm32_endpoint_stall.o
                0x0000000008009cbc                _ux_dcd_stm32_endpoint_stall
 .text._ux_dcd_stm32_endpoint_status
                0x0000000008009cdc       0x3c ./Middlewares/ST/usbx/common/usbx_stm32_device_controllers/ux_dcd_stm32_endpoint_status.o
                0x0000000008009cdc                _ux_dcd_stm32_endpoint_status
 .text._ux_dcd_stm32_frame_number_get
                0x0000000008009d18        0x4 ./Middlewares/ST/usbx/common/usbx_stm32_device_controllers/ux_dcd_stm32_frame_number_get.o
                0x0000000008009d18                _ux_dcd_stm32_frame_number_get
 .text._ux_dcd_stm32_function
                0x0000000008009d1c       0x9e ./Middlewares/ST/usbx/common/usbx_stm32_device_controllers/ux_dcd_stm32_function.o
                0x0000000008009d1c                _ux_dcd_stm32_function
 *fill*         0x0000000008009dba        0x2 
 .text._ux_dcd_stm32_initialize
                0x0000000008009dbc       0x3c ./Middlewares/ST/usbx/common/usbx_stm32_device_controllers/ux_dcd_stm32_initialize.o
                0x0000000008009dbc                _ux_dcd_stm32_initialize
 .text._ux_dcd_stm32_initialize_complete
                0x0000000008009df8       0xc8 ./Middlewares/ST/usbx/common/usbx_stm32_device_controllers/ux_dcd_stm32_initialize_complete.o
                0x0000000008009df8                _ux_dcd_stm32_initialize_complete
 .text._ux_dcd_stm32_transfer_abort
                0x0000000008009ec0       0x20 ./Middlewares/ST/usbx/common/usbx_stm32_device_controllers/ux_dcd_stm32_transfer_abort.o
                0x0000000008009ec0                _ux_dcd_stm32_transfer_abort
 .text._ux_dcd_stm32_transfer_request
                0x0000000008009ee0       0x5a ./Middlewares/ST/usbx/common/usbx_stm32_device_controllers/ux_dcd_stm32_transfer_request.o
                0x0000000008009ee0                _ux_dcd_stm32_transfer_request
 *fill*         0x0000000008009f3a        0x2 
 .text.app_ux_device_thread_entry
                0x0000000008009f3c       0x60 ./USBX/App/app_usbx_device.o
 .text.MX_USBX_Device_Init
                0x0000000008009f9c      0x15c ./USBX/App/app_usbx_device.o
                0x0000000008009f9c                MX_USBX_Device_Init
 .text.USBD_CDC_ACM_Activate
                0x000000000800a0f8        0xc ./USBX/App/ux_device_cdc_acm.o
                0x000000000800a0f8                USBD_CDC_ACM_Activate
 .text.USBD_CDC_ACM_Deactivate
                0x000000000800a104        0x2 ./USBX/App/ux_device_cdc_acm.o
                0x000000000800a104                USBD_CDC_ACM_Deactivate
 .text.USBD_CDC_ACM_ParameterChange
                0x000000000800a106        0x2 ./USBX/App/ux_device_cdc_acm.o
                0x000000000800a106                USBD_CDC_ACM_ParameterChange
 .text.usbx_cdc_acm_write_thread_entry
                0x000000000800a108       0x30 ./USBX/App/ux_device_cdc_acm.o
                0x000000000800a108                usbx_cdc_acm_write_thread_entry
 .text.usbx_cdc_acm_read_thread_entry
                0x000000000800a138       0x64 ./USBX/App/ux_device_cdc_acm.o
                0x000000000800a138                usbx_cdc_acm_read_thread_entry
 .text.USBD_FrameWork_AssignEp
                0x000000000800a19c       0x46 ./USBX/App/ux_device_descriptors.o
 .text.USBD_Desc_GetString.part.0
                0x000000000800a1e2       0x2a ./USBX/App/ux_device_descriptors.o
 .text.USBD_Device_Framework_Builder.constprop.0.isra.0